Archive member included to satisfy reference by file (symbol)

C:/Users/14125/AppData/Local/stm32cube/bundles/gnu-tools-for-stm32/14.3.1+st.2/bin/../lib/gcc/arm-none-eabi/14.3.1/../../../../arm-none-eabi/lib/thumb/v7-m/nofp\libstdc++_nano.a(new_op.o)
                              CMakeFiles/remote_control.dir/user/task.cpp.obj (operator new(unsigned int))
C:/Users/14125/AppData/Local/stm32cube/bundles/gnu-tools-for-stm32/14.3.1+st.2/bin/../lib/gcc/arm-none-eabi/14.3.1/../../../../arm-none-eabi/lib/thumb/v7-m/nofp\libstdc++_nano.a(new_handler.o)
                              C:/Users/14125/AppData/Local/stm32cube/bundles/gnu-tools-for-stm32/14.3.1+st.2/bin/../lib/gcc/arm-none-eabi/14.3.1/../../../../arm-none-eabi/lib/thumb/v7-m/nofp\libstdc++_nano.a(new_op.o) (std::get_new_handler())
C:/Users/14125/AppData/Local/stm32cube/bundles/gnu-tools-for-stm32/14.3.1+st.2/bin/../lib/gcc/arm-none-eabi/14.3.1/../../../../arm-none-eabi/lib/thumb/v7-m/nofp\libc_nano.a(libc_a-abort.o)
                              C:/Users/14125/AppData/Local/stm32cube/bundles/gnu-tools-for-stm32/14.3.1+st.2/bin/../lib/gcc/arm-none-eabi/14.3.1/../../../../arm-none-eabi/lib/thumb/v7-m/nofp\libstdc++_nano.a(new_op.o) (abort)
C:/Users/14125/AppData/Local/stm32cube/bundles/gnu-tools-for-stm32/14.3.1+st.2/bin/../lib/gcc/arm-none-eabi/14.3.1/../../../../arm-none-eabi/lib/thumb/v7-m/nofp\libc_nano.a(libc_a-exit.o)
                              C:/Users/14125/AppData/Local/stm32cube/bundles/gnu-tools-for-stm32/14.3.1+st.2/bin/../lib/gcc/arm-none-eabi/14.3.1/../../../../arm-none-eabi/lib/thumb/v7-m/nofp/crt0.o (exit)
C:/Users/14125/AppData/Local/stm32cube/bundles/gnu-tools-for-stm32/14.3.1+st.2/bin/../lib/gcc/arm-none-eabi/14.3.1/../../../../arm-none-eabi/lib/thumb/v7-m/nofp\libc_nano.a(libc_a-malloc.o)
                              C:/Users/14125/AppData/Local/stm32cube/bundles/gnu-tools-for-stm32/14.3.1+st.2/bin/../lib/gcc/arm-none-eabi/14.3.1/../../../../arm-none-eabi/lib/thumb/v7-m/nofp\libstdc++_nano.a(new_op.o) (malloc)
C:/Users/14125/AppData/Local/stm32cube/bundles/gnu-tools-for-stm32/14.3.1+st.2/bin/../lib/gcc/arm-none-eabi/14.3.1/../../../../arm-none-eabi/lib/thumb/v7-m/nofp\libc_nano.a(libc_a-mallocr.o)
                              C:/Users/14125/AppData/Local/stm32cube/bundles/gnu-tools-for-stm32/14.3.1+st.2/bin/../lib/gcc/arm-none-eabi/14.3.1/../../../../arm-none-eabi/lib/thumb/v7-m/nofp\libc_nano.a(libc_a-malloc.o) (_malloc_r)
C:/Users/14125/AppData/Local/stm32cube/bundles/gnu-tools-for-stm32/14.3.1+st.2/bin/../lib/gcc/arm-none-eabi/14.3.1/../../../../arm-none-eabi/lib/thumb/v7-m/nofp\libc_nano.a(libc_a-mlock.o)
                              C:/Users/14125/AppData/Local/stm32cube/bundles/gnu-tools-for-stm32/14.3.1+st.2/bin/../lib/gcc/arm-none-eabi/14.3.1/../../../../arm-none-eabi/lib/thumb/v7-m/nofp\libc_nano.a(libc_a-mallocr.o) (__malloc_lock)
C:/Users/14125/AppData/Local/stm32cube/bundles/gnu-tools-for-stm32/14.3.1+st.2/bin/../lib/gcc/arm-none-eabi/14.3.1/../../../../arm-none-eabi/lib/thumb/v7-m/nofp\libc_nano.a(libc_a-findfp.o)
                              C:/Users/14125/AppData/Local/stm32cube/bundles/gnu-tools-for-stm32/14.3.1+st.2/bin/../lib/gcc/arm-none-eabi/14.3.1/../../../../arm-none-eabi/lib/thumb/v7-m/nofp\libc_nano.a(libc_a-exit.o) (__stdio_exit_handler)
C:/Users/14125/AppData/Local/stm32cube/bundles/gnu-tools-for-stm32/14.3.1+st.2/bin/../lib/gcc/arm-none-eabi/14.3.1/../../../../arm-none-eabi/lib/thumb/v7-m/nofp\libc_nano.a(libc_a-fwalk.o)
                              C:/Users/14125/AppData/Local/stm32cube/bundles/gnu-tools-for-stm32/14.3.1+st.2/bin/../lib/gcc/arm-none-eabi/14.3.1/../../../../arm-none-eabi/lib/thumb/v7-m/nofp\libc_nano.a(libc_a-findfp.o) (_fwalk_sglue)
C:/Users/14125/AppData/Local/stm32cube/bundles/gnu-tools-for-stm32/14.3.1+st.2/bin/../lib/gcc/arm-none-eabi/14.3.1/../../../../arm-none-eabi/lib/thumb/v7-m/nofp\libc_nano.a(libc_a-stdio.o)
                              C:/Users/14125/AppData/Local/stm32cube/bundles/gnu-tools-for-stm32/14.3.1+st.2/bin/../lib/gcc/arm-none-eabi/14.3.1/../../../../arm-none-eabi/lib/thumb/v7-m/nofp\libc_nano.a(libc_a-findfp.o) (__sread)
C:/Users/14125/AppData/Local/stm32cube/bundles/gnu-tools-for-stm32/14.3.1+st.2/bin/../lib/gcc/arm-none-eabi/14.3.1/../../../../arm-none-eabi/lib/thumb/v7-m/nofp\libc_nano.a(libc_a-memcmp.o)
                              CMakeFiles/remote_control.dir/user/OLED/oled.c.obj (memcmp)
C:/Users/14125/AppData/Local/stm32cube/bundles/gnu-tools-for-stm32/14.3.1+st.2/bin/../lib/gcc/arm-none-eabi/14.3.1/../../../../arm-none-eabi/lib/thumb/v7-m/nofp\libc_nano.a(libc_a-memset.o)
                              C:/Users/14125/AppData/Local/stm32cube/bundles/gnu-tools-for-stm32/14.3.1+st.2/bin/../lib/gcc/arm-none-eabi/14.3.1/../../../../arm-none-eabi/lib/thumb/v7-m/nofp/crt0.o (memset)
[...]
Memory Configuration

Name             Origin             Length             Attributes
RAM              0x20000000         0x00005000         xrw
FLASH            0x08000000         0x00010000         xr
*default*        0x00000000         0xffffffff

Linker script and memory map

LOAD C:/Users/14125/AppData/Local/stm32cube/bundles/gnu-tools-for-stm32/14.3.1+st.2/bin/../lib/gcc/arm-none-eabi/14.3.1/thumb/v7-m/nofp/crti.o
LOAD C:/Users/14125/AppData/Local/stm32cube/bundles/gnu-tools-for-stm32/14.3.1+st.2/bin/../lib/gcc/arm-none-eabi/14.3.1/thumb/v7-m/nofp/crtbegin.o
LOAD C:/Users/14125/AppData/Local/stm32cube/bundles/gnu-tools-for-stm32/14.3.1+st.2/bin/../lib/gcc/arm-none-eabi/14.3.1/../../../../arm-none-eabi/lib/thumb/v7-m/nofp/crt0.o
START GROUP
END GROUP
START GROUP
LOAD C:/Users/14125/AppData/Local/stm32cube/bundles/gnu-tools-for-stm32/14.3.1+st.2/bin/../lib/gcc/arm-none-eabi/14.3.1/../../../../arm-none-eabi/lib/thumb/v7-m/nofp\libstdc++_nano.a
LOAD C:/Users/14125/AppData/Local/stm32cube/bundles/gnu-tools-for-stm32/14.3.1+st.2/bin/../lib/gcc/arm-none-eabi/14.3.1/../../../../arm-none-eabi/lib/thumb/v7-m/nofp\libsupc++_nano.a
END GROUP
LOAD cmake/stm32cubemx/CMakeFiles/STM32_Drivers.dir/__/__/Core/Src/system_stm32f1xx.c.obj
LOAD cmake/stm32cubemx/CMakeFiles/STM32_Drivers.dir/__/__/Drivers/STM32F1xx_HAL_Driver/Src/stm32f1xx_hal_gpio_ex.c.obj
LOAD cmake/stm32cubemx/CMakeFiles/STM32_Drivers.dir/__/__/Drivers/STM32F1xx_HAL_Driver/Src/stm32f1xx_hal_adc.c.obj
LOAD cmake/stm32cubemx/CMakeFiles/STM32_Drivers.dir/__/__/Drivers/STM32F1xx_HAL_Driver/Src/stm32f1xx_hal_adc_ex.c.obj
LOAD cmake/stm32cubemx/CMakeFiles/STM32_Drivers.dir/__/__/Drivers/STM32F1xx_HAL_Driver/Src/stm32f1xx_hal.c.obj
LOAD cmake/stm32cubemx/CMakeFiles/STM32_Drivers.dir/__/__/Drivers/STM32F1xx_HAL_Driver/Src/stm32f1xx_hal_rcc.c.obj
LOAD cmake/stm32cubemx/CMakeFiles/STM32_Drivers.dir/__/__/Drivers/STM32F1xx_HAL_Driver/Src/stm32f1xx_hal_rcc_ex.c.obj
LOAD cmake/stm32cubemx/CMakeFiles/STM32_Drivers.dir/__/__/Drivers/STM32F1xx_HAL_Driver/Src/stm32f1xx_hal_gpio.c.obj
LOAD cmake/stm32cubemx/CMakeFiles/STM32_Drivers.dir/__/__/Drivers/STM32F1xx_HAL_Driver/Src/stm32f1xx_hal_dma.c.obj
LOAD cmake/stm32cubemx/CMakeFiles/STM32_Drivers.dir/__/__/Drivers/STM32F1xx_HAL_Driver/Src/stm32f1xx_hal_cortex.c.obj
LOAD cmake/stm32cubemx/CMakeFiles/STM32_Drivers.dir/__/__/Drivers/STM32F1xx_HAL_Driver/Src/stm32f1xx_hal_pwr.c.obj
LOAD cmake/stm32cubemx/CMakeFiles/STM32_Drivers.dir/__/__/Drivers/STM32F1xx_HAL_Driver/Src/stm32f1xx_hal_flash.c.obj
LOAD cmake/stm32cubemx/CMakeFiles/STM32_Drivers.dir/__/__/Drivers/STM32F1xx_HAL_Driver/Src/stm32f1xx_hal_flash_ex.c.obj
LOAD cmake/stm32cubemx/CMakeFiles/STM32_Drivers.dir/__/__/Drivers/STM32F1xx_HAL_Driver/Src/stm32f1xx_hal_exti.c.obj
LOAD cmake/stm32cubemx/CMakeFiles/STM32_Drivers.dir/__/__/Drivers/STM32F1xx_HAL_Driver/Src/stm32f1xx_hal_i2c.c.obj
LOAD cmake/stm32cubemx/CMakeFiles/STM32_Drivers.dir/__/__/Drivers/STM32F1xx_HAL_Driver/Src/stm32f1xx_hal_tim.c.obj
LOAD cmake/stm32cubemx/CMakeFiles/STM32_Drivers.dir/__/__/Drivers/STM32F1xx_HAL_Driver/Src/stm32f1xx_hal_tim_ex.c.obj
LOAD cmake/stm32cubemx/CMakeFiles/STM32_Drivers.dir/__/__/Drivers/STM32F1xx_HAL_Driver/Src/stm32f1xx_hal_uart.c.obj
LOAD CMakeFiles/remote_control.dir/user/bsp_adc.cpp.obj
LOAD CMakeFiles/remote_control.dir/user/Rocker.cpp.obj
LOAD CMakeFiles/remote_control.dir/user/task.cpp.obj
LOAD CMakeFiles/remote_control.dir/Core/Src/main.c.obj
LOAD CMakeFiles/remote_control.dir/Core/Src/gpio.c.obj
LOAD CMakeFiles/remote_control.dir/Core/Src/adc.c.obj
LOAD CMakeFiles/remote_control.dir/Core/Src/dma.c.obj
LOAD CMakeFiles/remote_control.dir/Core/Src/i2c.c.obj
LOAD CMakeFiles/remote_control.dir/Core/Src/tim.c.obj
LOAD CMakeFiles/remote_control.dir/Core/Src/usart.c.obj
LOAD CMakeFiles/remote_control.dir/Core/Src/stm32f1xx_it.c.obj
LOAD CMakeFiles/remote_control.dir/Core/Src/stm32f1xx_hal_msp.c.obj
LOAD CMakeFiles/remote_control.dir/Core/Src/sysmem.c.obj
LOAD CMakeFiles/remote_control.dir/Core/Src/syscalls.c.obj
LOAD CMakeFiles/remote_control.dir/startup_stm32f103xb.s.obj
LOAD CMakeFiles/remote_control.dir/user/key.c.obj
LOAD CMakeFiles/remote_control.dir/user/bsp_encode.cpp.obj
LOAD CMakeFiles/remote_control.dir/user/pack.cpp.obj
LOAD CMakeFiles/remote_control.dir/user/DWT/DWT.c.obj
LOAD CMakeFiles/remote_control.dir/user/OLED/oled.c.obj
LOAD CMakeFiles/remote_control.dir/user/OLED/font.c.obj
LOAD CMakeFiles/remote_control.dir/user/OLED/joled.c.obj
LOAD C:/Users/14125/AppData/Local/stm32cube/bundles/gnu-tools-for-stm32/14.3.1+st.2/bin/../lib/gcc/arm-none-eabi/14.3.1/../../../../arm-none-eabi/lib/thumb/v7-m/nofp\libstdc++_nano.a
LOAD C:/Users/14125/AppData/Local/stm32cube/bundles/gnu-tools-for-stm32/14.3.1+st.2/bin/../lib/gcc/arm-none-eabi/14.3.1/../../../../arm-none-eabi/lib/thumb/v7-m/nofp\libm.a
LOAD C:/Users/14125/AppData/Local/stm32cube/bundles/gnu-tools-for-stm32/14.3.1+st.2/bin/../lib/gcc/arm-none-eabi/14.3.1/../../../../arm-none-eabi/lib/thumb/v7-m/nofp\libc_nano.a
START GROUP
LOAD C:/Users/14125/AppData/Local/stm32cube/bundles/gnu-tools-for-stm32/14.3.1+st.2/bin/../lib/gcc/arm-none-eabi/14.3.1/thumb/v7-m/nofp\libgcc.a
LOAD C:/Users/14125/AppData/Local/stm32cube/bundles/gnu-tools-for-stm32/14.3.1+st.2/bin/../lib/gcc/arm-none-eabi/14.3.1/../../../../arm-none-eabi/lib/thumb/v7-m/nofp\libg_nano.a
LOAD C:/Users/14125/AppData/Local/stm32cube/bundles/gnu-tools-for-stm32/14.3.1+st.2/bin/../lib/gcc/arm-none-eabi/14.3.1/../../../../arm-none-eabi/lib/thumb/v7-m/nofp\libc_nano.a
END GROUP
START GROUP
LOAD C:/Users/14125/AppData/Local/stm32cube/bundles/gnu-tools-for-stm32/14.3.1+st.2/bin/../lib/gcc/arm-none-eabi/14.3.1/thumb/v7-m/nofp\libgcc.a
LOAD C:/Users/14125/AppData/Local/stm32cube/bundles/gnu-tools-for-stm32/14.3.1+st.2/bin/../lib/gcc/arm-none-eabi/14.3.1/../../../../arm-none-eabi/lib/thumb/v7-m/nofp\libc_nano.a
END GROUP
LOAD C:/Users/14125/AppData/Local/stm32cube/bundles/gnu-tools-for-stm32/14.3.1+st.2/bin/../lib/gcc/arm-none-eabi/14.3.1/thumb/v7-m/nofp/crtend.o
LOAD C:/Users/14125/AppData/Local/stm32cube/bundles/gnu-tools-for-stm32/14.3.1+st.2/bin/../lib/gcc/arm-none-eabi/14.3.1/thumb/v7-m/nofp/crtn.o
                0x20005000                        _estack = (ORIGIN (RAM) + LENGTH (RAM))
                0x00000400                        _Min_Heap_Size = 0x400
                0x00000400                        _Min_Stack_Size = 0x400

.isr_vector     0x08000000      0x10c
                0x08000000                        . = ALIGN (0x4)
 *(.isr_vector)
 .isr_vector    0x08000000      0x10c CMakeFiles/remote_control.dir/startup_stm32f103xb.s.obj
                0x08000000                g_pfnVectors
                0x0800010c                        . = ALIGN (0x4)

.text           0x08000110     0x91ac
                0x08000110                        . = ALIGN (0x4)
 *(.text)
 .text          0x08000110       0x40 C:/Users/14125/AppData/Local/stm32cube/bundles/gnu-tools-for-stm32/14.3.1+st.2/bin/../lib/gcc/arm-none-eabi/14.3.1/thumb/v7-m/nofp/crtbegin.o
 .text          0x08000150      0x378 C:/Users/14125/AppData/Local/stm32cube/bundles/gnu-tools-for-stm32/14.3.1+st.2/bin/../lib/gcc/arm-none-eabi/14.3.1/thumb/v7-m/nofp\libgcc.a(_arm_addsubdf3.o)
                0x08000150                __aeabi_drsub
                0x08000158                __aeabi_dsub
                0x08000158                __subdf3
                0x0800015c                __aeabi_dadd
                0x0800015c                __adddf3
                0x080003d4                __floatunsidf
                0x080003d4                __aeabi_ui2d
                0x080003f4                __floatsidf
                0x080003f4                __aeabi_i2d
                0x08000418                __aeabi_f2d
                0x08000418                __extendsfdf2
                0x0800045c                __floatundidf
                0x0800045c                __aeabi_ul2d
                0x0800046c                __floatdidf
                0x0800046c                __aeabi_l2d
 .text          0x080004c8      0x110 C:/Users/14125/AppData/Local/stm32cube/bundles/gnu-tools-for-stm32/14.3.1+st.2/bin/../lib/gcc/arm-none-eabi/14.3.1/thumb/v7-m/nofp\libgcc.a(_arm_cmpdf2.o)
                0x080004c8                __gtdf2
                0x080004c8                __gedf2
                0x080004d0                __ltdf2
                0x080004d0                __ledf2
                0x080004d8                __nedf2
                0x080004d8                __eqdf2
                0x080004d8                __cmpdf2
                0x08000554                __aeabi_cdrcmple
                0x08000564                __aeabi_cdcmpeq
                0x08000564                __aeabi_cdcmple
                0x08000574                __aeabi_dcmpeq
                0x08000588                __aeabi_dcmplt
                0x0800059c                __aeabi_dcmple
                0x080005b0                __aeabi_dcmpge
                0x080005c4                __aeabi_dcmpgt
 .text          0x080005d8      0x21c C:/Users/14125/AppData/Local/stm32cube/bundles/gnu-tools-for-stm32/14.3.1+st.2/bin/../lib/gcc/arm-none-eabi/14.3.1/thumb/v7-m/nofp\libgcc.a(_arm_addsubsf3.o)
                0x080005d8                __aeabi_frsub
                0x080005e0                __subsf3
                0x080005e0                __aeabi_fsub
                0x080005e4                __aeabi_fadd
                0x080005e4                __addsf3
                0x08000744                __aeabi_ui2f
                0x08000744                __floatunsisf
                0x0800074c                __aeabi_i2f
                0x0800074c                __floatsisf
                0x08000768                __aeabi_ul2f
                0x08000768                __floatundisf
                0x08000778                __aeabi_l2f
                0x08000778                __floatdisf
 .text          0x080007f4      0x2a0 C:/Users/14125/AppData/Local/stm32cube/bundles/gnu-tools-for-stm32/14.3.1+st.2/bin/../lib/gcc/arm-none-eabi/14.3.1/thumb/v7-m/nofp\libgcc.a(_arm_muldivsf3.o)
                0x080007f4                __mulsf3
                0x080007f4                __aeabi_fmul
                0x0800095c                __aeabi_fdiv
                0x0800095c                __divsf3
 .text          0x08000a94       0xec C:/Users/14125/AppData/Local/stm32cube/bundles/gnu-tools-for-stm32/14.3.1+st.2/bin/../lib/gcc/arm-none-eabi/14.3.1/thumb/v7-m/nofp\libgcc.a(_arm_cmpsf2.o)
                0x08000a94                __gesf2
                0x08000a94                __gtsf2
                0x08000a9c                __lesf2
                0x08000a9c                __ltsf2
                0x08000aa4                __nesf2
                0x08000aa4                __eqsf2
                0x08000aa4                __cmpsf2
                0x08000b04                __aeabi_cfrcmple
                0x08000b0c                __aeabi_cfcmpeq
                0x08000b0c                __aeabi_cfcmple
                0x08000b1c                __aeabi_fcmpeq
                0x08000b30                __aeabi_fcmplt
                0x08000b44                __aeabi_fcmple
                0x08000b58                __aeabi_fcmpge
                0x08000b6c                __aeabi_fcmpgt
 .text          0x08000b80       0x4c C:/Users/14125/AppData/Local/stm32cube/bundles/gnu-tools-for-stm32/14.3.1+st.2/bin/../lib/gcc/arm-none-eabi/14.3.1/thumb/v7-m/nofp\libgcc.a(_arm_fixsfsi.o)
                0x08000b80                __aeabi_f2iz
                0x08000b80                __fixsfsi
 .text          0x08000bcc       0x30 C:/Users/14125/AppData/Local/stm32cube/bundles/gnu-tools-for-stm32/14.3.1+st.2/bin/../lib/gcc/arm-none-eabi/14.3.1/thumb/v7-m/nofp\libgcc.a(_aeabi_uldivmod.o)
                0x08000bcc                __aeabi_uldivmod
 .text          0x08000bfc      0x2f4 C:/Users/14125/AppData/Local/stm32cube/bundles/gnu-tools-for-stm32/14.3.1+st.2/bin/../lib/gcc/arm-none-eabi/14.3.1/thumb/v7-m/nofp\libgcc.a(_udivmoddi4.o)
                0x08000bfc                __udivmoddi4
 .text          0x08000ef0        0x4 C:/Users/14125/AppData/Local/stm32cube/bundles/gnu-tools-for-stm32/14.3.1+st.2/bin/../lib/gcc/arm-none-eabi/14.3.1/thumb/v7-m/nofp\libgcc.a(_dvmd_tls.o)
                0x08000ef0                __aeabi_idiv0
                0x08000ef0                __aeabi_ldiv0
 *(.text*)
 .text.SystemInit
                0x08000ef4        0xc cmake/stm32cubemx/CMakeFiles/STM32_Drivers.dir/__/__/Core/Src/system_stm32f1xx.c.obj
                0x08000ef4                SystemInit
 .text.HAL_ADC_Init
                0x08000f00      0x1b0 cmake/stm32cubemx/CMakeFiles/STM32_Drivers.dir/__/__/Drivers/STM32F1xx_HAL_Driver/Src/stm32f1xx_hal_adc.c.obj
                0x08000f00                HAL_ADC_Init
 .text.HAL_ADC_Start_DMA
                0x080010b0      0x1bc cmake/stm32cubemx/CMakeFiles/STM32_Drivers.dir/__/__/Drivers/STM32F1xx_HAL_Driver/Src/stm32f1xx_hal_adc.c.obj
                0x080010b0                HAL_ADC_Start_DMA
 .text.HAL_ADC_ConvCpltCallback
                0x0800126c       0x12 cmake/stm32cubemx/CMakeFiles/STM32_Drivers.dir/__/__/Drivers/STM32F1xx_HAL_Driver/Src/stm32f1xx_hal_adc.c.obj
                0x0800126c                HAL_ADC_ConvCpltCallback
 .text.HAL_ADC_ConvHalfCpltCallback
                0x0800127e       0x12 cmake/stm32cubemx/CMakeFiles/STM32_Drivers.dir/__/__/Drivers/STM32F1xx_HAL_Driver/Src/stm32f1xx_hal_adc.c.obj
                0x0800127e                HAL_ADC_ConvHalfCpltCallback
 .text.HAL_ADC_ErrorCallback
                0x08001290       0x12 cmake/stm32cubemx/CMakeFiles/STM32_Drivers.dir/__/__/Drivers/STM32F1xx_HAL_Driver/Src/stm32f1xx_hal_adc.c.obj
                0x08001290                HAL_ADC_ErrorCallback
 *fill*         0x080012a2        0x2 
 .text.HAL_ADC_ConfigChannel
                0x080012a4      0x1f0 cmake/stm32cubemx/CMakeFiles/STM32_Drivers.dir/__/__/Drivers/STM32F1xx_HAL_Driver/Src/stm32f1xx_hal_adc.c.obj
                0x080012a4                HAL_ADC_ConfigChannel
 .text.ADC_Enable
                0x08001494       0xb4 cmake/stm32cubemx/CMakeFiles/STM32_Drivers.dir/__/__/Drivers/STM32F1xx_HAL_Driver/Src/stm32f1xx_hal_adc.c.obj
                0x08001494                ADC_Enable
 .text.ADC_ConversionStop_Disable
                0x08001548       0x82 cmake/stm32cubemx/CMakeFiles/STM32_Drivers.dir/__/__/Drivers/STM32F1xx_HAL_Driver/Src/stm32f1xx_hal_adc.c.obj
                0x08001548                ADC_ConversionStop_Disable
 .text.ADC_DMAConvCplt
                0x080015ca       0x7c cmake/stm32cubemx/CMakeFiles/STM32_Drivers.dir/__/__/Drivers/STM32F1xx_HAL_Driver/Src/stm32f1xx_hal_adc.c.obj
                0x080015ca                ADC_DMAConvCplt
 .text.ADC_DMAHalfConvCplt
                0x08001646       0x1c cmake/stm32cubemx/CMakeFiles/STM32_Drivers.dir/__/__/Drivers/STM32F1xx_HAL_Driver/Src/stm32f1xx_hal_adc.c.obj
                0x08001646                ADC_DMAHalfConvCplt
 .text.ADC_DMAError
                0x08001662       0x34 cmake/stm32cubemx/CMakeFiles/STM32_Drivers.dir/__/__/Drivers/STM32F1xx_HAL_Driver/Src/stm32f1xx_hal_adc.c.obj
                0x08001662                ADC_DMAError
 *fill*         0x08001696        0x2 
 .text.HAL_Init
                0x08001698       0x2c cmake/stm32cubemx/CMakeFiles/STM32_Drivers.dir/__/__/Drivers/STM32F1xx_HAL_Driver/Src/stm32f1xx_hal.c.obj
                0x08001698                HAL_Init
 .text.HAL_InitTick
                0x080016c4       0x60 cmake/stm32cubemx/CMakeFiles/STM32_Drivers.dir/__/__/Drivers/STM32F1xx_HAL_Driver/Src/stm32f1xx_hal.c.obj
                0x080016c4                HAL_InitTick
 .text.HAL_IncTick
                0x08001724       0x24 cmake/stm32cubemx/CMakeFiles/STM32_Drivers.dir/__/__/Drivers/STM32F1xx_HAL_Driver/Src/stm32f1xx_hal.c.obj
                0x08001724                HAL_IncTick
 .text.HAL_GetTick
                0x08001748       0x14 cmake/stm32cubemx/CMakeFiles/STM32_Drivers.dir/__/__/Drivers/STM32F1xx_HAL_Driver/Src/stm32f1xx_hal.c.obj
                0x08001748                HAL_GetTick
 .text.HAL_RCC_OscConfig
                0x0800175c      0x504 cmake/stm32cubemx/CMakeFiles/STM32_Drivers.dir/__/__/Drivers/STM32F1xx_HAL_Driver/Src/stm32f1xx_hal_rcc.c.obj
                0x0800175c                HAL_RCC_OscConfig
 .text.HAL_RCC_ClockConfig
                0x08001c60      0x1d4 cmake/stm32cubemx/CMakeFiles/STM32_Drivers.dir/__/__/Drivers/STM32F1xx_HAL_Driver/Src/stm32f1xx_hal_rcc.c.obj
                0x08001c60                HAL_RCC_ClockConfig
 .text.HAL_RCC_GetSysClockFreq
                0x08001e34       0xa8 cmake/stm32cubemx/CMakeFiles/STM32_Drivers.dir/__/__/Drivers/STM32F1xx_HAL_Driver/Src/stm32f1xx_hal_rcc.c.obj
                0x08001e34                HAL_RCC_GetSysClockFreq
 .text.HAL_RCC_GetHCLKFreq
                0x08001edc       0x14 cmake/stm32cubemx/CMakeFiles/STM32_Drivers.dir/__/__/Drivers/STM32F1xx_HAL_Driver/Src/stm32f1xx_hal_rcc.c.obj
                0x08001edc                HAL_RCC_GetHCLKFreq
 .text.HAL_RCC_GetPCLK1Freq
                0x08001ef0       0x28 cmake/stm32cubemx/CMakeFiles/STM32_Drivers.dir/__/__/Drivers/STM32F1xx_HAL_Driver/Src/stm32f1xx_hal_rcc.c.obj
                0x08001ef0                HAL_RCC_GetPCLK1Freq
 .text.HAL_RCC_GetPCLK2Freq
                0x08001f18       0x28 cmake/stm32cubemx/CMakeFiles/STM32_Drivers.dir/__/__/Drivers/STM32F1xx_HAL_Driver/Src/stm32f1xx_hal_rcc.c.obj
                0x08001f18                HAL_RCC_GetPCLK2Freq
 .text.RCC_Delay
                0x08001f40       0x3c cmake/stm32cubemx/CMakeFiles/STM32_Drivers.dir/__/__/Drivers/STM32F1xx_HAL_Driver/Src/stm32f1xx_hal_rcc.c.obj
 .text.HAL_RCCEx_PeriphCLKConfig
                0x08001f7c      0x16c cmake/stm32cubemx/CMakeFiles/STM32_Drivers.dir/__/__/Drivers/STM32F1xx_HAL_Driver/Src/stm32f1xx_hal_rcc_ex.c.obj
                0x08001f7c                HAL_RCCEx_PeriphCLKConfig
 .text.HAL_GPIO_Init
                0x080020e8      0x308 cmake/stm32cubemx/CMakeFiles/STM32_Drivers.dir/__/__/Drivers/STM32F1xx_HAL_Driver/Src/stm32f1xx_hal_gpio.c.obj
                0x080020e8                HAL_GPIO_Init
 .text.HAL_GPIO_ReadPin
                0x080023f0       0x2e cmake/stm32cubemx/CMakeFiles/STM32_Drivers.dir/__/__/Drivers/STM32F1xx_HAL_Driver/Src/stm32f1xx_hal_gpio.c.obj
                0x080023f0                HAL_GPIO_ReadPin
 .text.HAL_GPIO_WritePin
                0x0800241e       0x30 cmake/stm32cubemx/CMakeFiles/STM32_Drivers.dir/__/__/Drivers/STM32F1xx_HAL_Driver/Src/stm32f1xx_hal_gpio.c.obj
                0x0800241e                HAL_GPIO_WritePin
 .text.HAL_GPIO_TogglePin
                0x0800244e       0x32 cmake/stm32cubemx/CMakeFiles/STM32_Drivers.dir/__/__/Drivers/STM32F1xx_HAL_Driver/Src/stm32f1xx_hal_gpio.c.obj
                0x0800244e                HAL_GPIO_TogglePin
 .text.HAL_DMA_Init
                0x08002480       0xb4 cmake/stm32cubemx/CMakeFiles/STM32_Drivers.dir/__/__/Drivers/STM32F1xx_HAL_Driver/Src/stm32f1xx_hal_dma.c.obj
                0x08002480                HAL_DMA_Init
 .text.HAL_DMA_Start_IT
                0x08002534       0xc0 cmake/stm32cubemx/CMakeFiles/STM32_Drivers.dir/__/__/Drivers/STM32F1xx_HAL_Driver/Src/stm32f1xx_hal_dma.c.obj
                0x08002534                HAL_DMA_Start_IT
 .text.HAL_DMA_Abort
                0x080025f4       0x76 cmake/stm32cubemx/CMakeFiles/STM32_Drivers.dir/__/__/Drivers/STM32F1xx_HAL_Driver/Src/stm32f1xx_hal_dma.c.obj
                0x080025f4                HAL_DMA_Abort
 *fill*         0x0800266a        0x2 
 .text.HAL_DMA_Abort_IT
                0x0800266c       0xf0 cmake/stm32cubemx/CMakeFiles/STM32_Drivers.dir/__/__/Drivers/STM32F1xx_HAL_Driver/Src/stm32f1xx_hal_dma.c.obj
                0x0800266c                HAL_DMA_Abort_IT
 .text.HAL_DMA_IRQHandler
                0x0800275c      0x20c cmake/stm32cubemx/CMakeFiles/STM32_Drivers.dir/__/__/Drivers/STM32F1xx_HAL_Driver/Src/stm32f1xx_hal_dma.c.obj
                0x0800275c                HAL_DMA_IRQHandler
 .text.HAL_DMA_GetState
                0x08002968       0x1a cmake/stm32cubemx/CMakeFiles/STM32_Drivers.dir/__/__/Drivers/STM32F1xx_HAL_Driver/Src/stm32f1xx_hal_dma.c.obj
                0x08002968                HAL_DMA_GetState
 .text.DMA_SetConfig
                0x08002982       0x5a cmake/stm32cubemx/CMakeFiles/STM32_Drivers.dir/__/__/Drivers/STM32F1xx_HAL_Driver/Src/stm32f1xx_hal_dma.c.obj
 .text.__NVIC_SetPriorityGrouping
                0x080029dc       0x48 cmake/stm32cubemx/CMakeFiles/STM32_Drivers.dir/__/__/Drivers/STM32F1xx_HAL_Driver/Src/stm32f1xx_hal_cortex.c.obj
 .text.__NVIC_GetPriorityGrouping
                0x08002a24       0x1c cmake/stm32cubemx/CMakeFiles/STM32_Drivers.dir/__/__/Drivers/STM32F1xx_HAL_Driver/Src/stm32f1xx_hal_cortex.c.obj
 .text.__NVIC_EnableIRQ
                0x08002a40       0x38 cmake/stm32cubemx/CMakeFiles/STM32_Drivers.dir/__/__/Drivers/STM32F1xx_HAL_Driver/Src/stm32f1xx_hal_cortex.c.obj
 .text.__NVIC_SetPriority
                0x08002a78       0x54 cmake/stm32cubemx/CMakeFiles/STM32_Drivers.dir/__/__/Drivers/STM32F1xx_HAL_Driver/Src/stm32f1xx_hal_cortex.c.obj
 .text.NVIC_EncodePriority
                0x08002acc       0x64 cmake/stm32cubemx/CMakeFiles/STM32_Drivers.dir/__/__/Drivers/STM32F1xx_HAL_Driver/Src/stm32f1xx_hal_cortex.c.obj
 .text.SysTick_Config
                0x08002b30       0x44 cmake/stm32cubemx/CMakeFiles/STM32_Drivers.dir/__/__/Drivers/STM32F1xx_HAL_Driver/Src/stm32f1xx_hal_cortex.c.obj
 .text.HAL_NVIC_SetPriorityGrouping
                0x08002b74       0x16 cmake/stm32cubemx/CMakeFiles/STM32_Drivers.dir/__/__/Drivers/STM32F1xx_HAL_Driver/Src/stm32f1xx_hal_cortex.c.obj
                0x08002b74                HAL_NVIC_SetPriorityGrouping
 .text.HAL_NVIC_SetPriority
                0x08002b8a       0x38 cmake/stm32cubemx/CMakeFiles/STM32_Drivers.dir/__/__/Drivers/STM32F1xx_HAL_Driver/Src/stm32f1xx_hal_cortex.c.obj
                0x08002b8a                HAL_NVIC_SetPriority
 .text.HAL_NVIC_EnableIRQ
                0x08002bc2       0x1c cmake/stm32cubemx/CMakeFiles/STM32_Drivers.dir/__/__/Drivers/STM32F1xx_HAL_Driver/Src/stm32f1xx_hal_cortex.c.obj
                0x08002bc2                HAL_NVIC_EnableIRQ
 .text.HAL_SYSTICK_Config
                0x08002bde       0x18 cmake/stm32cubemx/CMakeFiles/STM32_Drivers.dir/__/__/Drivers/STM32F1xx_HAL_Driver/Src/stm32f1xx_hal_cortex.c.obj
                0x08002bde                HAL_SYSTICK_Config
 *fill*         0x08002bf6        0x2 
 .text.HAL_I2C_Init
                0x08002bf8      0x288 cmake/stm32cubemx/CMakeFiles/STM32_Drivers.dir/__/__/Drivers/STM32F1xx_HAL_Driver/Src/stm32f1xx_hal_i2c.c.obj
                0x08002bf8                HAL_I2C_Init
 .text.I2C_Flush_DR
                0x08002e80       0x28 cmake/stm32cubemx/CMakeFiles/STM32_Drivers.dir/__/__/Drivers/STM32F1xx_HAL_Driver/Src/stm32f1xx_hal_i2c.c.obj
 .text.HAL_I2C_Master_Transmit
                0x08002ea8      0x1fc cmake/stm32cubemx/CMakeFiles/STM32_Drivers.dir/__/__/Drivers/STM32F1xx_HAL_Driver/Src/stm32f1xx_hal_i2c.c.obj
                0x08002ea8                HAL_I2C_Master_Transmit
 .text.HAL_I2C_EV_IRQHandler
                0x080030a4      0x2e2 cmake/stm32cubemx/CMakeFiles/STM32_Drivers.dir/__/__/Drivers/STM32F1xx_HAL_Driver/Src/stm32f1xx_hal_i2c.c.obj
                0x080030a4                HAL_I2C_EV_IRQHandler
 .text.HAL_I2C_ER_IRQHandler
                0x08003386      0x15e cmake/stm32cubemx/CMakeFiles/STM32_Drivers.dir/__/__/Drivers/STM32F1xx_HAL_Driver/Src/stm32f1xx_hal_i2c.c.obj
                0x08003386                HAL_I2C_ER_IRQHandler
 .text.HAL_I2C_MasterTxCpltCallback
                0x080034e4       0x12 cmake/stm32cubemx/CMakeFiles/STM32_Drivers.dir/__/__/Drivers/STM32F1xx_HAL_Driver/Src/stm32f1xx_hal_i2c.c.obj
                0x080034e4                HAL_I2C_MasterTxCpltCallback
 .text.HAL_I2C_MasterRxCpltCallback
                0x080034f6       0x12 cmake/stm32cubemx/CMakeFiles/STM32_Drivers.dir/__/__/Drivers/STM32F1xx_HAL_Driver/Src/stm32f1xx_hal_i2c.c.obj
                0x080034f6                HAL_I2C_MasterRxCpltCallback
 .text.HAL_I2C_SlaveTxCpltCallback
                0x08003508       0x12 cmake/stm32cubemx/CMakeFiles/STM32_Drivers.dir/__/__/Drivers/STM32F1xx_HAL_Driver/Src/stm32f1xx_hal_i2c.c.obj
                0x08003508                HAL_I2C_SlaveTxCpltCallback
 .text.HAL_I2C_SlaveRxCpltCallback
                0x0800351a       0x12 cmake/stm32cubemx/CMakeFiles/STM32_Drivers.dir/__/__/Drivers/STM32F1xx_HAL_Driver/Src/stm32f1xx_hal_i2c.c.obj
                0x0800351a                HAL_I2C_SlaveRxCpltCallback
 .text.HAL_I2C_AddrCallback
                0x0800352c       0x1a cmake/stm32cubemx/CMakeFiles/STM32_Drivers.dir/__/__/Drivers/STM32F1xx_HAL_Driver/Src/stm32f1xx_hal_i2c.c.obj
                0x0800352c                HAL_I2C_AddrCallback
 .text.HAL_I2C_ListenCpltCallback
                0x08003546       0x12 cmake/stm32cubemx/CMakeFiles/STM32_Drivers.dir/__/__/Drivers/STM32F1xx_HAL_Driver/Src/stm32f1xx_hal_i2c.c.obj
                0x08003546                HAL_I2C_ListenCpltCallback
 .text.HAL_I2C_MemTxCpltCallback
                0x08003558       0x12 cmake/stm32cubemx/CMakeFiles/STM32_Drivers.dir/__/__/Drivers/STM32F1xx_HAL_Driver/Src/stm32f1xx_hal_i2c.c.obj
                0x08003558                HAL_I2C_MemTxCpltCallback
 .text.HAL_I2C_MemRxCpltCallback
                0x0800356a       0x12 cmake/stm32cubemx/CMakeFiles/STM32_Drivers.dir/__/__/Drivers/STM32F1xx_HAL_Driver/Src/stm32f1xx_hal_i2c.c.obj
                0x0800356a                HAL_I2C_MemRxCpltCallback
 .text.HAL_I2C_ErrorCallback
                0x0800357c       0x12 cmake/stm32cubemx/CMakeFiles/STM32_Drivers.dir/__/__/Drivers/STM32F1xx_HAL_Driver/Src/stm32f1xx_hal_i2c.c.obj
                0x0800357c                HAL_I2C_ErrorCallback
 .text.HAL_I2C_AbortCpltCallback
                0x0800358e       0x12 cmake/stm32cubemx/CMakeFiles/STM32_Drivers.dir/__/__/Drivers/STM32F1xx_HAL_Driver/Src/stm32f1xx_hal_i2c.c.obj
                0x0800358e                HAL_I2C_AbortCpltCallback
 .text.I2C_MasterTransmit_TXE
                0x080035a0      0x138 cmake/stm32cubemx/CMakeFiles/STM32_Drivers.dir/__/__/Drivers/STM32F1xx_HAL_Driver/Src/stm32f1xx_hal_i2c.c.obj
 .text.I2C_MasterTransmit_BTF
                0x080036d8       0xec cmake/stm32cubemx/CMakeFiles/STM32_Drivers.dir/__/__/Drivers/STM32F1xx_HAL_Driver/Src/stm32f1xx_hal_i2c.c.obj
 .text.I2C_MemoryTransmit_TXE_BTF
                0x080037c4      0x130 cmake/stm32cubemx/CMakeFiles/STM32_Drivers.dir/__/__/Drivers/STM32F1xx_HAL_Driver/Src/stm32f1xx_hal_i2c.c.obj
 .text.I2C_MasterReceive_RXNE
                0x080038f4      0x190 cmake/stm32cubemx/CMakeFiles/STM32_Drivers.dir/__/__/Drivers/STM32F1xx_HAL_Driver/Src/stm32f1xx_hal_i2c.c.obj
 .text.I2C_MasterReceive_BTF
                0x08003a84      0x1e2 cmake/stm32cubemx/CMakeFiles/STM32_Drivers.dir/__/__/Drivers/STM32F1xx_HAL_Driver/Src/stm32f1xx_hal_i2c.c.obj
 .text.I2C_Master_SB
                0x08003c66      0x10a cmake/stm32cubemx/CMakeFiles/STM32_Drivers.dir/__/__/Drivers/STM32F1xx_HAL_Driver/Src/stm32f1xx_hal_i2c.c.obj
 .text.I2C_Master_ADD10
                0x08003d70       0x52 cmake/stm32cubemx/CMakeFiles/STM32_Drivers.dir/__/__/Drivers/STM32F1xx_HAL_Driver/Src/stm32f1xx_hal_i2c.c.obj
 .text.I2C_Master_ADDR
                0x08003dc2      0x336 cmake/stm32cubemx/CMakeFiles/STM32_Drivers.dir/__/__/Drivers/STM32F1xx_HAL_Driver/Src/stm32f1xx_hal_i2c.c.obj
 .text.I2C_SlaveTransmit_TXE
                0x080040f8       0x7a cmake/stm32cubemx/CMakeFiles/STM32_Drivers.dir/__/__/Drivers/STM32F1xx_HAL_Driver/Src/stm32f1xx_hal_i2c.c.obj
 .text.I2C_SlaveTransmit_BTF
                0x08004172       0x40 cmake/stm32cubemx/CMakeFiles/STM32_Drivers.dir/__/__/Drivers/STM32F1xx_HAL_Driver/Src/stm32f1xx_hal_i2c.c.obj
 .text.I2C_SlaveReceive_RXNE
                0x080041b2       0x7c cmake/stm32cubemx/CMakeFiles/STM32_Drivers.dir/__/__/Drivers/STM32F1xx_HAL_Driver/Src/stm32f1xx_hal_i2c.c.obj
 .text.I2C_SlaveReceive_BTF
                0x0800422e       0x42 cmake/stm32cubemx/CMakeFiles/STM32_Drivers.dir/__/__/Drivers/STM32F1xx_HAL_Driver/Src/stm32f1xx_hal_i2c.c.obj
 .text.I2C_Slave_ADDR
                0x08004270       0x94 cmake/stm32cubemx/CMakeFiles/STM32_Drivers.dir/__/__/Drivers/STM32F1xx_HAL_Driver/Src/stm32f1xx_hal_i2c.c.obj
 .text.I2C_Slave_STOPF
                0x08004304      0x260 cmake/stm32cubemx/CMakeFiles/STM32_Drivers.dir/__/__/Drivers/STM32F1xx_HAL_Driver/Src/stm32f1xx_hal_i2c.c.obj
 .text.I2C_Slave_AF
                0x08004564       0xe8 cmake/stm32cubemx/CMakeFiles/STM32_Drivers.dir/__/__/Drivers/STM32F1xx_HAL_Driver/Src/stm32f1xx_hal_i2c.c.obj
 .text.I2C_ITError
                0x0800464c      0x264 cmake/stm32cubemx/CMakeFiles/STM32_Drivers.dir/__/__/Drivers/STM32F1xx_HAL_Driver/Src/stm32f1xx_hal_i2c.c.obj
 .text.I2C_MasterRequestWrite
                0x080048b0      0x104 cmake/stm32cubemx/CMakeFiles/STM32_Drivers.dir/__/__/Drivers/STM32F1xx_HAL_Driver/Src/stm32f1xx_hal_i2c.c.obj
 .text.I2C_DMAAbort
                0x080049b4      0x150 cmake/stm32cubemx/CMakeFiles/STM32_Drivers.dir/__/__/Drivers/STM32F1xx_HAL_Driver/Src/stm32f1xx_hal_i2c.c.obj
 .text.I2C_WaitOnFlagUntilTimeout
                0x08004b04       0xf4 cmake/stm32cubemx/CMakeFiles/STM32_Drivers.dir/__/__/Drivers/STM32F1xx_HAL_Driver/Src/stm32f1xx_hal_i2c.c.obj
 .text.I2C_WaitOnMasterAddressFlagUntilTimeout
                0x08004bf8      0x140 cmake/stm32cubemx/CMakeFiles/STM32_Drivers.dir/__/__/Drivers/STM32F1xx_HAL_Driver/Src/stm32f1xx_hal_i2c.c.obj
 .text.I2C_WaitOnTXEFlagUntilTimeout
                0x08004d38       0x90 cmake/stm32cubemx/CMakeFiles/STM32_Drivers.dir/__/__/Drivers/STM32F1xx_HAL_Driver/Src/stm32f1xx_hal_i2c.c.obj
 .text.I2C_WaitOnBTFFlagUntilTimeout
                0x08004dc8       0x90 cmake/stm32cubemx/CMakeFiles/STM32_Drivers.dir/__/__/Drivers/STM32F1xx_HAL_Driver/Src/stm32f1xx_hal_i2c.c.obj
 .text.I2C_WaitOnSTOPRequestThroughIT
                0x08004e58       0x64 cmake/stm32cubemx/CMakeFiles/STM32_Drivers.dir/__/__/Drivers/STM32F1xx_HAL_Driver/Src/stm32f1xx_hal_i2c.c.obj
 .text.I2C_IsAcknowledgeFailed
                0x08004ebc       0x5c cmake/stm32cubemx/CMakeFiles/STM32_Drivers.dir/__/__/Drivers/STM32F1xx_HAL_Driver/Src/stm32f1xx_hal_i2c.c.obj
 .text.I2C_ConvertOtherXferOptions
                0x08004f18       0x34 cmake/stm32cubemx/CMakeFiles/STM32_Drivers.dir/__/__/Drivers/STM32F1xx_HAL_Driver/Src/stm32f1xx_hal_i2c.c.obj
 .text.HAL_TIM_Base_Init
                0x08004f4c       0x9e cmake/stm32cubemx/CMakeFiles/STM32_Drivers.dir/__/__/Drivers/STM32F1xx_HAL_Driver/Src/stm32f1xx_hal_tim.c.obj
                0x08004f4c                HAL_TIM_Base_Init
 *fill*         0x08004fea        0x2 
 .text.HAL_TIM_Base_Start_IT
                0x08004fec       0xa4 cmake/stm32cubemx/CMakeFiles/STM32_Drivers.dir/__/__/Drivers/STM32F1xx_HAL_Driver/Src/stm32f1xx_hal_tim.c.obj
                0x08004fec                HAL_TIM_Base_Start_IT
 .text.HAL_TIM_Encoder_Init
                0x08005090      0x144 cmake/stm32cubemx/CMakeFiles/STM32_Drivers.dir/__/__/Drivers/STM32F1xx_HAL_Driver/Src/stm32f1xx_hal_tim.c.obj
                0x08005090                HAL_TIM_Encoder_Init
 .text.HAL_TIM_Encoder_Start
                0x080051d4      0x11c cmake/stm32cubemx/CMakeFiles/STM32_Drivers.dir/__/__/Drivers/STM32F1xx_HAL_Driver/Src/stm32f1xx_hal_tim.c.obj
                0x080051d4                HAL_TIM_Encoder_Start
 .text.HAL_TIM_IRQHandler
                0x080052f0      0x1e0 cmake/stm32cubemx/CMakeFiles/STM32_Drivers.dir/__/__/Drivers/STM32F1xx_HAL_Driver/Src/stm32f1xx_hal_tim.c.obj
                0x080052f0                HAL_TIM_IRQHandler
 .text.HAL_TIM_ConfigClockSource
                0x080054d0      0x18e cmake/stm32cubemx/CMakeFiles/STM32_Drivers.dir/__/__/Drivers/STM32F1xx_HAL_Driver/Src/stm32f1xx_hal_tim.c.obj
                0x080054d0                HAL_TIM_ConfigClockSource
 .text.HAL_TIM_OC_DelayElapsedCallback
                0x0800565e       0x12 cmake/stm32cubemx/CMakeFiles/STM32_Drivers.dir/__/__/Drivers/STM32F1xx_HAL_Driver/Src/stm32f1xx_hal_tim.c.obj
                0x0800565e                HAL_TIM_OC_DelayElapsedCallback
 .text.HAL_TIM_IC_CaptureCallback
                0x08005670       0x12 cmake/stm32cubemx/CMakeFiles/STM32_Drivers.dir/__/__/Drivers/STM32F1xx_HAL_Driver/Src/stm32f1xx_hal_tim.c.obj
                0x08005670                HAL_TIM_IC_CaptureCallback
 .text.HAL_TIM_PWM_PulseFinishedCallback
                0x08005682       0x12 cmake/stm32cubemx/CMakeFiles/STM32_Drivers.dir/__/__/Drivers/STM32F1xx_HAL_Driver/Src/stm32f1xx_hal_tim.c.obj
                0x08005682                HAL_TIM_PWM_PulseFinishedCallback
 .text.HAL_TIM_TriggerCallback
                0x08005694       0x12 cmake/stm32cubemx/CMakeFiles/STM32_Drivers.dir/__/__/Drivers/STM32F1xx_HAL_Driver/Src/stm32f1xx_hal_tim.c.obj
                0x08005694                HAL_TIM_TriggerCallback
 *fill*         0x080056a6        0x2 
 .text.TIM_Base_SetConfig
                0x080056a8       0xdc cmake/stm32cubemx/CMakeFiles/STM32_Drivers.dir/__/__/Drivers/STM32F1xx_HAL_Driver/Src/stm32f1xx_hal_tim.c.obj
                0x080056a8                TIM_Base_SetConfig
 .text.TIM_TI1_ConfigInputStage
                0x08005784       0x5c cmake/stm32cubemx/CMakeFiles/STM32_Drivers.dir/__/__/Drivers/STM32F1xx_HAL_Driver/Src/stm32f1xx_hal_tim.c.obj
 .text.TIM_TI2_ConfigInputStage
                0x080057e0       0x5e cmake/stm32cubemx/CMakeFiles/STM32_Drivers.dir/__/__/Drivers/STM32F1xx_HAL_Driver/Src/stm32f1xx_hal_tim.c.obj
 .text.TIM_ITRx_SetConfig
                0x0800583e       0x34 cmake/stm32cubemx/CMakeFiles/STM32_Drivers.dir/__/__/Drivers/STM32F1xx_HAL_Driver/Src/stm32f1xx_hal_tim.c.obj
 .text.TIM_ETR_SetConfig
                0x08005872       0x3e cmake/stm32cubemx/CMakeFiles/STM32_Drivers.dir/__/__/Drivers/STM32F1xx_HAL_Driver/Src/stm32f1xx_hal_tim.c.obj
                0x08005872                TIM_ETR_SetConfig
 .text.TIM_CCxChannelCmd
                0x080058b0       0x48 cmake/stm32cubemx/CMakeFiles/STM32_Drivers.dir/__/__/Drivers/STM32F1xx_HAL_Driver/Src/stm32f1xx_hal_tim.c.obj
                0x080058b0                TIM_CCxChannelCmd
 .text.HAL_TIMEx_MasterConfigSynchronization
                0x080058f8       0xbc cmake/stm32cubemx/CMakeFiles/STM32_Drivers.dir/__/__/Drivers/STM32F1xx_HAL_Driver/Src/stm32f1xx_hal_tim_ex.c.obj
                0x080058f8                HAL_TIMEx_MasterConfigSynchronization
 .text.HAL_TIMEx_CommutCallback
                0x080059b4       0x12 cmake/stm32cubemx/CMakeFiles/STM32_Drivers.dir/__/__/Drivers/STM32F1xx_HAL_Driver/Src/stm32f1xx_hal_tim_ex.c.obj
                0x080059b4                HAL_TIMEx_CommutCallback
 .text.HAL_TIMEx_BreakCallback
                0x080059c6       0x12 cmake/stm32cubemx/CMakeFiles/STM32_Drivers.dir/__/__/Drivers/STM32F1xx_HAL_Driver/Src/stm32f1xx_hal_tim_ex.c.obj
                0x080059c6                HAL_TIMEx_BreakCallback
 .text.HAL_UART_Init
                0x080059d8       0xa0 cmake/stm32cubemx/CMakeFiles/STM32_Drivers.dir/__/__/Drivers/STM32F1xx_HAL_Driver/Src/stm32f1xx_hal_uart.c.obj
                0x080059d8                HAL_UART_Init
 .text.HAL_UART_Receive_IT
                0x08005a78       0x4a cmake/stm32cubemx/CMakeFiles/STM32_Drivers.dir/__/__/Drivers/STM32F1xx_HAL_Driver/Src/stm32f1xx_hal_uart.c.obj
                0x08005a78                HAL_UART_Receive_IT
 *fill*         0x08005ac2        0x2 
 .text.HAL_UART_Transmit_DMA
                0x08005ac4       0xe0 cmake/stm32cubemx/CMakeFiles/STM32_Drivers.dir/__/__/Drivers/STM32F1xx_HAL_Driver/Src/stm32f1xx_hal_uart.c.obj
                0x08005ac4                HAL_UART_Transmit_DMA
 .text.HAL_UART_IRQHandler
                0x08005ba4      0x524 cmake/stm32cubemx/CMakeFiles/STM32_Drivers.dir/__/__/Drivers/STM32F1xx_HAL_Driver/Src/stm32f1xx_hal_uart.c.obj
                0x08005ba4                HAL_UART_IRQHandler
 .text.HAL_UART_TxCpltCallback
                0x080060c8       0x12 cmake/stm32cubemx/CMakeFiles/STM32_Drivers.dir/__/__/Drivers/STM32F1xx_HAL_Driver/Src/stm32f1xx_hal_uart.c.obj
                0x080060c8                HAL_UART_TxCpltCallback
 .text.HAL_UART_TxHalfCpltCallback
                0x080060da       0x12 cmake/stm32cubemx/CMakeFiles/STM32_Drivers.dir/__/__/Drivers/STM32F1xx_HAL_Driver/Src/stm32f1xx_hal_uart.c.obj
                0x080060da                HAL_UART_TxHalfCpltCallback
 .text.HAL_UART_ErrorCallback
                0x080060ec       0x12 cmake/stm32cubemx/CMakeFiles/STM32_Drivers.dir/__/__/Drivers/STM32F1xx_HAL_Driver/Src/stm32f1xx_hal_uart.c.obj
                0x080060ec                HAL_UART_ErrorCallback
 .text.HAL_UARTEx_RxEventCallback
                0x080060fe       0x16 cmake/stm32cubemx/CMakeFiles/STM32_Drivers.dir/__/__/Drivers/STM32F1xx_HAL_Driver/Src/stm32f1xx_hal_uart.c.obj
                0x080060fe                HAL_UARTEx_RxEventCallback
 .text.UART_DMATransmitCplt
                0x08006114       0x9a cmake/stm32cubemx/CMakeFiles/STM32_Drivers.dir/__/__/Drivers/STM32F1xx_HAL_Driver/Src/stm32f1xx_hal_uart.c.obj
 .text.UART_DMATxHalfCplt
                0x080061ae       0x1c cmake/stm32cubemx/CMakeFiles/STM32_Drivers.dir/__/__/Drivers/STM32F1xx_HAL_Driver/Src/stm32f1xx_hal_uart.c.obj
 .text.UART_DMAError
                0x080061ca       0x94 cmake/stm32cubemx/CMakeFiles/STM32_Drivers.dir/__/__/Drivers/STM32F1xx_HAL_Driver/Src/stm32f1xx_hal_uart.c.obj
 .text.UART_Start_Receive_IT
                0x0800625e       0x72 cmake/stm32cubemx/CMakeFiles/STM32_Drivers.dir/__/__/Drivers/STM32F1xx_HAL_Driver/Src/stm32f1xx_hal_uart.c.obj
                0x0800625e                UART_Start_Receive_IT
 .text.UART_EndTxTransfer
                0x080062d0       0x4e cmake/stm32cubemx/CMakeFiles/STM32_Drivers.dir/__/__/Drivers/STM32F1xx_HAL_Driver/Src/stm32f1xx_hal_uart.c.obj
 .text.UART_EndRxTransfer
                0x0800631e       0xc4 cmake/stm32cubemx/CMakeFiles/STM32_Drivers.dir/__/__/Drivers/STM32F1xx_HAL_Driver/Src/stm32f1xx_hal_uart.c.obj
 .text.UART_DMAAbortOnError
                0x080063e2       0x28 cmake/stm32cubemx/CMakeFiles/STM32_Drivers.dir/__/__/Drivers/STM32F1xx_HAL_Driver/Src/stm32f1xx_hal_uart.c.obj
 .text.UART_Transmit_IT
                0x0800640a       0x9e cmake/stm32cubemx/CMakeFiles/STM32_Drivers.dir/__/__/Drivers/STM32F1xx_HAL_Driver/Src/stm32f1xx_hal_uart.c.obj
 .text.UART_EndTransmit_IT
                0x080064a8       0x30 cmake/stm32cubemx/CMakeFiles/STM32_Drivers.dir/__/__/Drivers/STM32F1xx_HAL_Driver/Src/stm32f1xx_hal_uart.c.obj
 .text.UART_Receive_IT
                0x080064d8      0x17c cmake/stm32cubemx/CMakeFiles/STM32_Drivers.dir/__/__/Drivers/STM32F1xx_HAL_Driver/Src/stm32f1xx_hal_uart.c.obj
 .text.UART_SetConfig
                0x08006654      0x11c cmake/stm32cubemx/CMakeFiles/STM32_Drivers.dir/__/__/Drivers/STM32F1xx_HAL_Driver/Src/stm32f1xx_hal_uart.c.obj
 .text._ZN7BSP_ADCC2EP19__ADC_HandleTypeDef
                0x08006770       0x28 CMakeFiles/remote_control.dir/user/bsp_adc.cpp.obj
                0x08006770                BSP_ADC::BSP_ADC(__ADC_HandleTypeDef*)
                0x08006770                BSP_ADC::BSP_ADC(__ADC_HandleTypeDef*)
 .text._ZN7BSP_ADC4initEPth
                0x08006798       0x34 CMakeFiles/remote_control.dir/user/bsp_adc.cpp.obj
                0x08006798                BSP_ADC::init(unsigned short*, unsigned char)
 .text._ZL20draw_direction_pixelss14OLED_ColorMode
                0x080067cc       0x50 CMakeFiles/remote_control.dir/user/task.cpp.obj
 .text._ZL20clear_direction_edgev
                0x0800681c       0x96 CMakeFiles/remote_control.dir/user/task.cpp.obj
 *fill*         0x080068b2        0x2 
 .text._ZL22clear_status_text_areav
                0x080068b4       0x20 CMakeFiles/remote_control.dir/user/task.cpp.obj
 .text._ZL16draw_arrow_righthh
                0x080068d4       0x8e CMakeFiles/remote_control.dir/user/task.cpp.obj
 .text._ZL15draw_arrow_downhh
                0x08006962       0x8e CMakeFiles/remote_control.dir/user/task.cpp.obj
 .text._ZL15draw_arrow_lefthh
                0x080069f0       0x8c CMakeFiles/remote_control.dir/user/task.cpp.obj
 .text._ZL13draw_arrow_uphh
                0x08006a7c       0x8c CMakeFiles/remote_control.dir/user/task.cpp.obj
 .text._ZL18update_loop_periodv
                0x08006b08       0x64 CMakeFiles/remote_control.dir/user/task.cpp.obj
 .text._ZL19init_status_displayv
                0x08006b6c       0x16 CMakeFiles/remote_control.dir/user/task.cpp.obj
 .text._ZL17display_clockwisev
                0x08006b82       0xa2 CMakeFiles/remote_control.dir/user/task.cpp.obj
 .text._ZL21display_anticlockwisev
                0x08006c24       0xa2 CMakeFiles/remote_control.dir/user/task.cpp.obj
 *fill*         0x08006cc6        0x2 
 .text._ZL21update_status_displayv
                0x08006cc8      0x10c CMakeFiles/remote_control.dir/user/task.cpp.obj
 .text._ZL22service_status_displayv
                0x08006dd4       0x2c CMakeFiles/remote_control.dir/user/task.cpp.obj
 .text.myinit   0x08006e00       0xb0 CMakeFiles/remote_control.dir/user/task.cpp.obj
                0x08006e00                myinit
 .text.myloop   0x08006eb0       0xb0 CMakeFiles/remote_control.dir/user/task.cpp.obj
                0x08006eb0                myloop
 .text.key_loop
                0x08006f60      0x164 CMakeFiles/remote_control.dir/user/task.cpp.obj
                0x08006f60                key_loop
 .text.HAL_TIM_PeriodElapsedCallback
                0x080070c4       0x58 CMakeFiles/remote_control.dir/user/task.cpp.obj
                0x080070c4                HAL_TIM_PeriodElapsedCallback
 .text.HAL_UART_RxCpltCallback
                0x0800711c       0x5c CMakeFiles/remote_control.dir/Core/Src/main.c.obj
                0x0800711c                HAL_UART_RxCpltCallback
 .text.main     0x08007178       0x64 CMakeFiles/remote_control.dir/Core/Src/main.c.obj
                0x08007178                main
 .text.SystemClock_Config
                0x080071dc       0xb6 CMakeFiles/remote_control.dir/Core/Src/main.c.obj
                0x080071dc                SystemClock_Config
 .text.Error_Handler
                0x08007292        0xc CMakeFiles/remote_control.dir/Core/Src/main.c.obj
                0x08007292                Error_Handler
 *fill*         0x0800729e        0x2 
 .text.MX_GPIO_Init
                0x080072a0      0x150 CMakeFiles/remote_control.dir/Core/Src/gpio.c.obj
                0x080072a0                MX_GPIO_Init
 .text.MX_ADC1_Init
                0x080073f0       0xd4 CMakeFiles/remote_control.dir/Core/Src/adc.c.obj
                0x080073f0                MX_ADC1_Init
 .text.HAL_ADC_MspInit
                0x080074c4       0xd0 CMakeFiles/remote_control.dir/Core/Src/adc.c.obj
                0x080074c4                HAL_ADC_MspInit
 .text.MX_DMA_Init
                0x08007594       0x7c CMakeFiles/remote_control.dir/Core/Src/dma.c.obj
                0x08007594                MX_DMA_Init
 .text.MX_I2C1_Init
                0x08007610       0x5c CMakeFiles/remote_control.dir/Core/Src/i2c.c.obj
                0x08007610                MX_I2C1_Init
 .text.MX_I2C2_Init
                0x0800766c       0x5c CMakeFiles/remote_control.dir/Core/Src/i2c.c.obj
                0x0800766c                MX_I2C2_Init
 .text.HAL_I2C_MspInit
                0x080076c8      0x1e4 CMakeFiles/remote_control.dir/Core/Src/i2c.c.obj
                0x080076c8                HAL_I2C_MspInit
 .text.MX_TIM1_Init
                0x080078ac       0xb0 CMakeFiles/remote_control.dir/Core/Src/tim.c.obj
                0x080078ac                MX_TIM1_Init
 .text.MX_TIM2_Init
                0x0800795c       0xa8 CMakeFiles/remote_control.dir/Core/Src/tim.c.obj
                0x0800795c                MX_TIM2_Init
 .text.MX_TIM3_Init
                0x08007a04       0x9c CMakeFiles/remote_control.dir/Core/Src/tim.c.obj
                0x08007a04                MX_TIM3_Init
 .text.MX_TIM4_Init
                0x08007aa0       0x9c CMakeFiles/remote_control.dir/Core/Src/tim.c.obj
                0x08007aa0                MX_TIM4_Init
 .text.HAL_TIM_Encoder_MspInit
                0x08007b3c      0x130 CMakeFiles/remote_control.dir/Core/Src/tim.c.obj
                0x08007b3c                HAL_TIM_Encoder_MspInit
 .text.HAL_TIM_Base_MspInit
                0x08007c6c       0x84 CMakeFiles/remote_control.dir/Core/Src/tim.c.obj
                0x08007c6c                HAL_TIM_Base_MspInit
 .text.MX_USART1_UART_Init
                0x08007cf0       0x54 CMakeFiles/remote_control.dir/Core/Src/usart.c.obj
                0x08007cf0                MX_USART1_UART_Init
 .text.HAL_UART_MspInit
                0x08007d44      0x170 CMakeFiles/remote_control.dir/Core/Src/usart.c.obj
                0x08007d44                HAL_UART_MspInit
 .text.NMI_Handler
                0x08007eb4        0x8 CMakeFiles/remote_control.dir/Core/Src/stm32f1xx_it.c.obj
                0x08007eb4                NMI_Handler
 .text.HardFault_Handler
                0x08007ebc        0x8 CMakeFiles/remote_control.dir/Core/Src/stm32f1xx_it.c.obj
                0x08007ebc                HardFault_Handler
 .text.MemManage_Handler
                0x08007ec4        0x8 CMakeFiles/remote_control.dir/Core/Src/stm32f1xx_it.c.obj
                0x08007ec4                MemManage_Handler
 .text.BusFault_Handler
                0x08007ecc        0x8 CMakeFiles/remote_control.dir/Core/Src/stm32f1xx_it.c.obj
                0x08007ecc                BusFault_Handler
 .text.UsageFault_Handler
                0x08007ed4        0x8 CMakeFiles/remote_control.dir/Core/Src/stm32f1xx_it.c.obj
                0x08007ed4                UsageFault_Handler
 .text.SVC_Handler
                0x08007edc        0xc CMakeFiles/remote_control.dir/Core/Src/stm32f1xx_it.c.obj
                0x08007edc                SVC_Handler
 .text.DebugMon_Handler
                0x08007ee8        0xc CMakeFiles/remote_control.dir/Core/Src/stm32f1xx_it.c.obj
                0x08007ee8                DebugMon_Handler
 .text.PendSV_Handler
                0x08007ef4        0xc CMakeFiles/remote_control.dir/Core/Src/stm32f1xx_it.c.obj
                0x08007ef4                PendSV_Handler
 .text.SysTick_Handler
                0x08007f00        0xc CMakeFiles/remote_control.dir/Core/Src/stm32f1xx_it.c.obj
                0x08007f00                SysTick_Handler
 .text.DMA1_Channel1_IRQHandler
                0x08007f0c       0x14 CMakeFiles/remote_control.dir/Core/Src/stm32f1xx_it.c.obj
                0x08007f0c                DMA1_Channel1_IRQHandler
 .text.DMA1_Channel4_IRQHandler
                0x08007f20       0x14 CMakeFiles/remote_control.dir/Core/Src/stm32f1xx_it.c.obj
                0x08007f20                DMA1_Channel4_IRQHandler
 .text.DMA1_Channel5_IRQHandler
                0x08007f34       0x14 CMakeFiles/remote_control.dir/Core/Src/stm32f1xx_it.c.obj
                0x08007f34                DMA1_Channel5_IRQHandler
 .text.DMA1_Channel6_IRQHandler
                0x08007f48       0x14 CMakeFiles/remote_control.dir/Core/Src/stm32f1xx_it.c.obj
                0x08007f48                DMA1_Channel6_IRQHandler
 .text.DMA1_Channel7_IRQHandler
                0x08007f5c       0x14 CMakeFiles/remote_control.dir/Core/Src/stm32f1xx_it.c.obj
                0x08007f5c                DMA1_Channel7_IRQHandler
 .text.TIM3_IRQHandler
                0x08007f70       0x14 CMakeFiles/remote_control.dir/Core/Src/stm32f1xx_it.c.obj
                0x08007f70                TIM3_IRQHandler
 .text.TIM4_IRQHandler
                0x08007f84       0x14 CMakeFiles/remote_control.dir/Core/Src/stm32f1xx_it.c.obj
                0x08007f84                TIM4_IRQHandler
 .text.I2C1_EV_IRQHandler
                0x08007f98       0x14 CMakeFiles/remote_control.dir/Core/Src/stm32f1xx_it.c.obj
                0x08007f98                I2C1_EV_IRQHandler
 .text.I2C1_ER_IRQHandler
                0x08007fac       0x14 CMakeFiles/remote_control.dir/Core/Src/stm32f1xx_it.c.obj
                0x08007fac                I2C1_ER_IRQHandler
 .text.I2C2_EV_IRQHandler
                0x08007fc0       0x14 CMakeFiles/remote_control.dir/Core/Src/stm32f1xx_it.c.obj
                0x08007fc0                I2C2_EV_IRQHandler
 .text.I2C2_ER_IRQHandler
                0x08007fd4       0x14 CMakeFiles/remote_control.dir/Core/Src/stm32f1xx_it.c.obj
                0x08007fd4                I2C2_ER_IRQHandler
 .text.USART1_IRQHandler
                0x08007fe8       0x14 CMakeFiles/remote_control.dir/Core/Src/stm32f1xx_it.c.obj
                0x08007fe8                USART1_IRQHandler
 .text.HAL_MspInit
                0x08007ffc       0x64 CMakeFiles/remote_control.dir/Core/Src/stm32f1xx_hal_msp.c.obj
                0x08007ffc                HAL_MspInit
 .text._sbrk    0x08008060       0x6c CMakeFiles/remote_control.dir/Core/Src/sysmem.c.obj
                0x08008060                _sbrk
 .text._getpid  0x080080cc        0xe CMakeFiles/remote_control.dir/Core/Src/syscalls.c.obj
                0x080080cc                _getpid
 .text._kill    0x080080da       0x20 CMakeFiles/remote_control.dir/Core/Src/syscalls.c.obj
                0x080080da                _kill
 .text._exit    0x080080fa       0x16 CMakeFiles/remote_control.dir/Core/Src/syscalls.c.obj
                0x080080fa                _exit
 .text.Reset_Handler
                0x08008110       0x48 CMakeFiles/remote_control.dir/startup_stm32f103xb.s.obj
                0x08008110                Reset_Handler
 .text.Default_Handler
                0x08008158        0x2 CMakeFiles/remote_control.dir/startup_stm32f103xb.s.obj
                0x08008158                RTC_Alarm_IRQHandler
                0x08008158                EXTI2_IRQHandler
                0x08008158                TIM1_CC_IRQHandler
                0x08008158                PVD_IRQHandler
                0x08008158                EXTI3_IRQHandler
                0x08008158                EXTI0_IRQHandler
                0x08008158                ADC1_2_IRQHandler
                0x08008158                SPI1_IRQHandler
                0x08008158                TAMPER_IRQHandler
                0x08008158                USART3_IRQHandler
                0x08008158                RTC_IRQHandler
                0x08008158                CAN1_RX1_IRQHandler
                0x08008158                RCC_IRQHandler
                0x08008158                TIM1_TRG_COM_IRQHandler
                0x08008158                Default_Handler
                0x08008158                EXTI15_10_IRQHandler
                0x08008158                EXTI9_5_IRQHandler
                0x08008158                SPI2_IRQHandler
                0x08008158                EXTI4_IRQHandler
                0x08008158                USB_LP_CAN1_RX0_IRQHandler
                0x08008158                USB_HP_CAN1_TX_IRQHandler
                0x08008158                DMA1_Channel3_IRQHandler
                0x08008158                TIM1_UP_IRQHandler
                0x08008158                WWDG_IRQHandler
                0x08008158                TIM2_IRQHandler
                0x08008158                TIM1_BRK_IRQHandler
                0x08008158                EXTI1_IRQHandler
                0x08008158                USART2_IRQHandler
                0x08008158                DMA1_Channel2_IRQHandler
                0x08008158                CAN1_SCE_IRQHandler
                0x08008158                FLASH_IRQHandler
                0x08008158                USBWakeUp_IRQHandler
 *fill*         0x0800815a        0x2 
 .text.key_read
                0x0800815c       0x70 CMakeFiles/remote_control.dir/user/key.c.obj
                0x0800815c                key_read
 .text.key_serv
                0x080081cc       0xc0 CMakeFiles/remote_control.dir/user/key.c.obj
                0x080081cc                key_serv
 .text._ZN7EncoderC2EP17TIM_HandleTypeDefl
                0x0800828c       0x40 CMakeFiles/remote_control.dir/user/bsp_encode.cpp.obj
                0x0800828c                Encoder::Encoder(TIM_HandleTypeDef*, long)
                0x0800828c                Encoder::Encoder(TIM_HandleTypeDef*, long)
 .text._ZN7Encoder5startEv
                0x080082cc       0x30 CMakeFiles/remote_control.dir/user/bsp_encode.cpp.obj
                0x080082cc                Encoder::start()
 .text._ZN7Encoder8getDeltaEv
                0x080082fc       0xbc CMakeFiles/remote_control.dir/user/bsp_encode.cpp.obj
                0x080082fc                Encoder::getDelta()
 .text._ZN7Encoder6getPosEv
                0x080083b8       0x32 CMakeFiles/remote_control.dir/user/bsp_encode.cpp.obj
                0x080083b8                Encoder::getPos()
 *fill*         0x080083ea        0x2 
 .text._ZL23normalize_joystick_axistf
                0x080083ec       0xb4 CMakeFiles/remote_control.dir/user/pack.cpp.obj
 .text.process_ring_buffer
                0x080084a0       0xe4 CMakeFiles/remote_control.dir/user/pack.cpp.obj
                0x080084a0                process_ring_buffer
 .text.get_transmit_vx
                0x08008584       0x18 CMakeFiles/remote_control.dir/user/pack.cpp.obj
                0x08008584                get_transmit_vx
 .text.send_packet
                0x0800859c       0xbc CMakeFiles/remote_control.dir/user/pack.cpp.obj
                0x0800859c                send_packet
 .text.DWT_Init
                0x08008658       0x50 CMakeFiles/remote_control.dir/user/DWT/DWT.c.obj
                0x08008658                DWT_Init
 .text.DWT_GetCycle64
                0x080086a8       0x54 CMakeFiles/remote_control.dir/user/DWT/DWT.c.obj
 .text.DWT_GetUs
                0x080086fc       0xb4 CMakeFiles/remote_control.dir/user/DWT/DWT.c.obj
                0x080086fc                DWT_GetUs
 .text.OLED_Send
                0x080087b0       0x30 CMakeFiles/remote_control.dir/user/OLED/oled.c.obj
                0x080087b0                OLED_Send
 .text.OLED_SendCmd
                0x080087e0       0x24 CMakeFiles/remote_control.dir/user/OLED/oled.c.obj
                0x080087e0                OLED_SendCmd
 .text.OLED_Init
                0x08008804       0xb8 CMakeFiles/remote_control.dir/user/OLED/oled.c.obj
                0x08008804                OLED_Init
 .text.OLED_NewFrame
                0x080088bc       0x18 CMakeFiles/remote_control.dir/user/OLED/oled.c.obj
                0x080088bc                OLED_NewFrame
 .text.OLED_ShowFrame
                0x080088d4       0x68 CMakeFiles/remote_control.dir/user/OLED/oled.c.obj
                0x080088d4                OLED_ShowFrame
 .text.OLED_SetPixel
                0x0800893c       0xb0 CMakeFiles/remote_control.dir/user/OLED/oled.c.obj
                0x0800893c                OLED_SetPixel
 .text.OLED_SetByte_Fine
                0x080089ec       0xf8 CMakeFiles/remote_control.dir/user/OLED/oled.c.obj
                0x080089ec                OLED_SetByte_Fine
 .text.OLED_SetBits_Fine
                0x08008ae4       0xbe CMakeFiles/remote_control.dir/user/OLED/oled.c.obj
                0x08008ae4                OLED_SetBits_Fine
 .text.OLED_SetBits
                0x08008ba2       0x82 CMakeFiles/remote_control.dir/user/OLED/oled.c.obj
                0x08008ba2                OLED_SetBits
 .text.OLED_SetBlock
                0x08008c24       0xe2 CMakeFiles/remote_control.dir/user/OLED/oled.c.obj
                0x08008c24                OLED_SetBlock
 .text.OLED_PrintASCIIChar
                0x08008d06       0x5e CMakeFiles/remote_control.dir/user/OLED/oled.c.obj
                0x08008d06                OLED_PrintASCIIChar
 .text._joled_max_lines
                0x08008d64       0x20 CMakeFiles/remote_control.dir/user/OLED/joled.c.obj
 .text._joled_max_cols
                0x08008d84       0x20 CMakeFiles/remote_control.dir/user/OLED/joled.c.obj
 .text._joled_x_from_col
                0x08008da4       0x2c CMakeFiles/remote_control.dir/user/OLED/joled.c.obj
 .text._joled_y_from_line
                0x08008dd0       0x2c CMakeFiles/remote_control.dir/user/OLED/joled.c.obj
 .text._joled_refresh_if_needed
                0x08008dfc       0x18 CMakeFiles/remote_control.dir/user/OLED/joled.c.obj
 .text._joled_draw_char_to_gram
                0x08008e14       0x98 CMakeFiles/remote_control.dir/user/OLED/joled.c.obj
 .text.JOLED_Init
                0x08008eac       0x2c CMakeFiles/remote_control.dir/user/OLED/joled.c.obj
                0x08008eac                JOLED_Init
 .text.JOLED_SetAutoRefresh
                0x08008ed8       0x2c CMakeFiles/remote_control.dir/user/OLED/joled.c.obj
                0x08008ed8                JOLED_SetAutoRefresh
 .text.JOLED_Refresh
                0x08008f04        0xc CMakeFiles/remote_control.dir/user/OLED/joled.c.obj
                0x08008f04                JOLED_Refresh
 .text.JOLED_Clear
                0x08008f10       0x10 CMakeFiles/remote_control.dir/user/OLED/joled.c.obj
                0x08008f10                JOLED_Clear
 .text.JOLED_ShowString
                0x08008f20       0xa8 CMakeFiles/remote_control.dir/user/OLED/joled.c.obj
                0x08008f20                JOLED_ShowString
 .text._Znwj    0x08008fc8       0x22 C:/Users/14125/AppData/Local/stm32cube/bundles/gnu-tools-for-stm32/14.3.1+st.2/bin/../lib/gcc/arm-none-eabi/14.3.1/../../../../arm-none-eabi/lib/thumb/v7-m/nofp\libstdc++_nano.a(new_op.o)
                0x08008fc8                operator new(unsigned int)
 *fill*         0x08008fea        0x2 
 .text._ZSt15get_new_handlerv
                0x08008fec       0x10 C:/Users/14125/AppData/Local/stm32cube/bundles/gnu-tools-for-stm32/14.3.1+st.2/bin/../lib/gcc/arm-none-eabi/14.3.1/../../../../arm-none-eabi/lib/thumb/v7-m/nofp\libstdc++_nano.a(new_handler.o)
                0x08008fec                std::get_new_handler()
 .text.abort    0x08008ffc        0xe C:/Users/14125/AppData/Local/stm32cube/bundles/gnu-tools-for-stm32/14.3.1+st.2/bin/../lib/gcc/arm-none-eabi/14.3.1/../../../../arm-none-eabi/lib/thumb/v7-m/nofp\libc_nano.a(libc_a-abort.o)
                0x08008ffc                abort
 *fill*         0x0800900a        0x2 
 .text.malloc   0x0800900c       0x10 C:/Users/14125/AppData/Local/stm32cube/bundles/gnu-tools-for-stm32/14.3.1+st.2/bin/../lib/gcc/arm-none-eabi/14.3.1/../../../../arm-none-eabi/lib/thumb/v7-m/nofp\libc_nano.a(libc_a-malloc.o)
                0x0800900c                malloc
 .text.sbrk_aligned
                0x0800901c       0x44 C:/Users/14125/AppData/Local/stm32cube/bundles/gnu-tools-for-stm32/14.3.1+st.2/bin/../lib/gcc/arm-none-eabi/14.3.1/../../../../arm-none-eabi/lib/thumb/v7-m/nofp\libc_nano.a(libc_a-mallocr.o)
 .text._malloc_r
                0x08009060      0x100 C:/Users/14125/AppData/Local/stm32cube/bundles/gnu-tools-for-stm32/14.3.1+st.2/bin/../lib/gcc/arm-none-eabi/14.3.1/../../../../arm-none-eabi/lib/thumb/v7-m/nofp\libc_nano.a(libc_a-mallocr.o)
                0x08009060                _malloc_r
 .text.__malloc_lock
                0x08009160        0xc C:/Users/14125/AppData/Local/stm32cube/bundles/gnu-tools-for-stm32/14.3.1+st.2/bin/../lib/gcc/arm-none-eabi/14.3.1/../../../../arm-none-eabi/lib/thumb/v7-m/nofp\libc_nano.a(libc_a-mlock.o)
                0x08009160                __malloc_lock
 .text.__malloc_unlock
                0x0800916c        0xc C:/Users/14125/AppData/Local/stm32cube/bundles/gnu-tools-for-stm32/14.3.1+st.2/bin/../lib/gcc/arm-none-eabi/14.3.1/../../../../arm-none-eabi/lib/thumb/v7-m/nofp\libc_nano.a(libc_a-mlock.o)
                0x0800916c                __malloc_unlock
 .text.memset   0x08009178       0x10 C:/Users/14125/AppData/Local/stm32cube/bundles/gnu-tools-for-stm32/14.3.1+st.2/bin/../lib/gcc/arm-none-eabi/14.3.1/../../../../arm-none-eabi/lib/thumb/v7-m/nofp\libc_nano.a(libc_a-memset.o)
                0x08009178                memset
 .text._raise_r
                0x08009188       0x50 C:/Users/14125/AppData/Local/stm32cube/bundles/gnu-tools-for-stm32/14.3.1+st.2/bin/../lib/gcc/arm-none-eabi/14.3.1/../../../../arm-none-eabi/lib/thumb/v7-m/nofp\libc_nano.a(libc_a-signal.o)
                0x08009188                _raise_r
 .text.raise    0x080091d8       0x10 C:/Users/14125/AppData/Local/stm32cube/bundles/gnu-tools-for-stm32/14.3.1+st.2/bin/../lib/gcc/arm-none-eabi/14.3.1/../../../../arm-none-eabi/lib/thumb/v7-m/nofp\libc_nano.a(libc_a-signal.o)
                0x080091d8                raise
 .text._kill_r  0x080091e8       0x24 C:/Users/14125/AppData/Local/stm32cube/bundles/gnu-tools-for-stm32/14.3.1+st.2/bin/../lib/gcc/arm-none-eabi/14.3.1/../../../../arm-none-eabi/lib/thumb/v7-m/nofp\libc_nano.a(libc_a-signalr.o)
                0x080091e8                _kill_r
 .text._getpid_r
                0x0800920c        0x4 C:/Users/14125/AppData/Local/stm32cube/bundles/gnu-tools-for-stm32/14.3.1+st.2/bin/../lib/gcc/arm-none-eabi/14.3.1/../../../../arm-none-eabi/lib/thumb/v7-m/nofp\libc_nano.a(libc_a-signalr.o)
                0x0800920c                _getpid_r
 .text._sbrk_r  0x08009210       0x20 C:/Users/14125/AppData/Local/stm32cube/bundles/gnu-tools-for-stm32/14.3.1+st.2/bin/../lib/gcc/arm-none-eabi/14.3.1/../../../../arm-none-eabi/lib/thumb/v7-m/nofp\libc_nano.a(libc_a-sbrkr.o)
                0x08009210                _sbrk_r
 .text.__errno  0x08009230        0xc C:/Users/14125/AppData/Local/stm32cube/bundles/gnu-tools-for-stm32/14.3.1+st.2/bin/../lib/gcc/arm-none-eabi/14.3.1/../../../../arm-none-eabi/lib/thumb/v7-m/nofp\libc_nano.a(libc_a-errno.o)
                0x08009230                __errno
 .text.__libc_init_array
                0x0800923c       0x48 C:/Users/14125/AppData/Local/stm32cube/bundles/gnu-tools-for-stm32/14.3.1+st.2/bin/../lib/gcc/arm-none-eabi/14.3.1/../../../../arm-none-eabi/lib/thumb/v7-m/nofp\libc_nano.a(libc_a-init.o)
                0x0800923c                __libc_init_array
 .text.__retarget_lock_acquire_recursive
                0x08009284        0x2 C:/Users/14125/AppData/Local/stm32cube/bundles/gnu-tools-for-stm32/14.3.1+st.2/bin/../lib/gcc/arm-none-eabi/14.3.1/../../../../arm-none-eabi/lib/thumb/v7-m/nofp\libc_nano.a(libc_a-lock.o)
                0x08009284                __retarget_lock_acquire_recursive
 .text.__retarget_lock_release_recursive
                0x08009286        0x2 C:/Users/14125/AppData/Local/stm32cube/bundles/gnu-tools-for-stm32/14.3.1+st.2/bin/../lib/gcc/arm-none-eabi/14.3.1/../../../../arm-none-eabi/lib/thumb/v7-m/nofp\libc_nano.a(libc_a-lock.o)
                0x08009286                __retarget_lock_release_recursive
 .text.memcpy   0x08009288       0x1c C:/Users/14125/AppData/Local/stm32cube/bundles/gnu-tools-for-stm32/14.3.1+st.2/bin/../lib/gcc/arm-none-eabi/14.3.1/../../../../arm-none-eabi/lib/thumb/v7-m/nofp\libc_nano.a(libc_a-memcpy-stub.o)
                0x08009288                memcpy
 *(.glue_7)
 .glue_7        0x080092a4        0x0 linker stubs
 *(.glue_7t)
 .glue_7t       0x080092a4        0x0 linker stubs
 *(.eh_frame)
 .eh_frame      0x080092a4        0x0 C:/Users/14125/AppData/Local/stm32cube/bundles/gnu-tools-for-stm32/14.3.1+st.2/bin/../lib/gcc/arm-none-eabi/14.3.1/thumb/v7-m/nofp/crtbegin.o
 *(.init)
 .init          0x080092a4        0x4 C:/Users/14125/AppData/Local/stm32cube/bundles/gnu-tools-for-stm32/14.3.1+st.2/bin/../lib/gcc/arm-none-eabi/14.3.1/thumb/v7-m/nofp/crti.o
                0x080092a4                _init
 .init          0x080092a8        0x8 C:/Users/14125/AppData/Local/stm32cube/bundles/gnu-tools-for-stm32/14.3.1+st.2/bin/../lib/gcc/arm-none-eabi/14.3.1/thumb/v7-m/nofp/crtn.o
 *(.fini)
 .fini          0x080092b0        0x4 C:/Users/14125/AppData/Local/stm32cube/bundles/gnu-tools-for-stm32/14.3.1+st.2/bin/../lib/gcc/arm-none-eabi/14.3.1/thumb/v7-m/nofp/crti.o
                0x080092b0                _fini
 .fini          0x080092b4        0x8 C:/Users/14125/AppData/Local/stm32cube/bundles/gnu-tools-for-stm32/14.3.1+st.2/bin/../lib/gcc/arm-none-eabi/14.3.1/thumb/v7-m/nofp/crtn.o
                0x080092bc                        . = ALIGN (0x4)
                0x080092bc                        _etext = .

.vfp11_veneer   0x080092bc        0x0
 .vfp11_veneer  0x080092bc        0x0 linker stubs

.v4_bx          0x080092bc        0x0
 .v4_bx         0x080092bc        0x0 linker stubs

.iplt           0x080092bc        0x0
 .iplt          0x080092bc        0x0 C:/Users/14125/AppData/Local/stm32cube/bundles/gnu-tools-for-stm32/14.3.1+st.2/bin/../lib/gcc/arm-none-eabi/14.3.1/thumb/v7-m/nofp/crtbegin.o

.rodata         0x080092bc      0x698
                0x080092bc                        . = ALIGN (0x4)
 *(.rodata)
 .rodata        0x080092bc       0x74 CMakeFiles/remote_control.dir/user/task.cpp.obj
 *(.rodata*)
 .rodata.AHBPrescTable
                0x08009330       0x10 cmake/stm32cubemx/CMakeFiles/STM32_Drivers.dir/__/__/Core/Src/system_stm32f1xx.c.obj
                0x08009330                AHBPrescTable
 .rodata.APBPrescTable
                0x08009340        0x8 cmake/stm32cubemx/CMakeFiles/STM32_Drivers.dir/__/__/Core/Src/system_stm32f1xx.c.obj
                0x08009340                APBPrescTable
 .rodata.aPLLMULFactorTable.1
                0x08009348       0x10 cmake/stm32cubemx/CMakeFiles/STM32_Drivers.dir/__/__/Drivers/STM32F1xx_HAL_Driver/Src/stm32f1xx_hal_rcc.c.obj
 .rodata.aPredivFactorTable.0
                0x08009358        0x2 cmake/stm32cubemx/CMakeFiles/STM32_Drivers.dir/__/__/Drivers/STM32F1xx_HAL_Driver/Src/stm32f1xx_hal_rcc.c.obj
 *fill*         0x0800935a        0x2 
 .rodata.ascii_16x8
                0x0800935c      0x5f0 CMakeFiles/remote_control.dir/user/OLED/font.c.obj
                0x0800935c                ascii_16x8
 .rodata.afont16x8
                0x0800994c        0x8 CMakeFiles/remote_control.dir/user/OLED/font.c.obj
                0x0800994c                afont16x8
                0x08009954                        . = ALIGN (0x4)

.ARM.extab
 *(.ARM.extab* .gnu.linkonce.armextab.*)

.ARM            0x08009954        0x8
                0x08009954                        __exidx_start = .
 *(.ARM.exidx*)
 .ARM.exidx     0x08009954        0x8 C:/Users/14125/AppData/Local/stm32cube/bundles/gnu-tools-for-stm32/14.3.1+st.2/bin/../lib/gcc/arm-none-eabi/14.3.1/thumb/v7-m/nofp\libgcc.a(_udivmoddi4.o)
                0x0800995c                        __exidx_end = .

.rel.dyn        0x0800995c        0x0
 .rel.iplt      0x0800995c        0x0 C:/Users/14125/AppData/Local/stm32cube/bundles/gnu-tools-for-stm32/14.3.1+st.2/bin/../lib/gcc/arm-none-eabi/14.3.1/thumb/v7-m/nofp/crtbegin.o

.preinit_array  0x0800995c        0x0
                0x0800995c                        PROVIDE (__preinit_array_start = .)
 *(.preinit_array*)
                0x0800995c                        PROVIDE (__preinit_array_end = .)

.init_array     0x0800995c        0x4
                0x0800995c                        PROVIDE (__init_array_start = .)
 *(SORT_BY_NAME(.init_array.*))
 *(.init_array*)
 .init_array    0x0800995c        0x4 C:/Users/14125/AppData/Local/stm32cube/bundles/gnu-tools-for-stm32/14.3.1+st.2/bin/../lib/gcc/arm-none-eabi/14.3.1/thumb/v7-m/nofp/crtbegin.o
                0x08009960                        PROVIDE (__init_array_end = .)

.fini_array     0x08009960        0x4
                [!provide]                        PROVIDE (__fini_array_start = .)
 *(SORT_BY_NAME(.fini_array.*))
 *(.fini_array*)
 .fini_array    0x08009960        0x4 C:/Users/14125/AppData/Local/stm32cube/bundles/gnu-tools-for-stm32/14.3.1+st.2/bin/../lib/gcc/arm-none-eabi/14.3.1/thumb/v7-m/nofp/crtbegin.o
                [!provide]                        PROVIDE (__fini_array_end = .)
                0x08009964                        _sidata = LOADADDR (.data)

.data           0x20000000       0x6c load address 0x08009964
                0x20000000                        . = ALIGN (0x4)
                0x20000000                        _sdata = .
 *(.data)
 *(.data*)
 .data.SystemCoreClock
                0x20000000        0x4 cmake/stm32cubemx/CMakeFiles/STM32_Drivers.dir/__/__/Core/Src/system_stm32f1xx.c.obj
                0x20000000                SystemCoreClock
 .data.uwTickPrio
                0x20000004        0x4 cmake/stm32cubemx/CMakeFiles/STM32_Drivers.dir/__/__/Drivers/STM32F1xx_HAL_Driver/Src/stm32f1xx_hal.c.obj
                0x20000004                uwTickPrio
 .data.uwTickFreq
                0x20000008        0x1 cmake/stm32cubemx/CMakeFiles/STM32_Drivers.dir/__/__/Drivers/STM32F1xx_HAL_Driver/Src/stm32f1xx_hal.c.obj
                0x20000008                uwTickFreq
 .data.g_k1_flag
                0x20000009        0x1 CMakeFiles/remote_control.dir/user/task.cpp.obj
                0x20000009                g_k1_flag
 .data.g_k2_flag
                0x2000000a        0x1 CMakeFiles/remote_control.dir/user/task.cpp.obj
                0x2000000a                g_k2_flag
 .data.g_k3_flag
                0x2000000b        0x1 CMakeFiles/remote_control.dir/user/task.cpp.obj
                0x2000000b                g_k3_flag
 .data.g_lb_flag
                0x2000000c        0x1 CMakeFiles/remote_control.dir/user/task.cpp.obj
                0x2000000c                g_lb_flag
 .data.g_rb_flag
                0x2000000d        0x1 CMakeFiles/remote_control.dir/user/task.cpp.obj
                0x2000000d                g_rb_flag
 *fill*         0x2000000e        0x2 
 .data.OLED_I2C_Handle
                0x20000010        0x4 CMakeFiles/remote_control.dir/user/OLED/oled.c.obj
                0x20000010                OLED_I2C_Handle
 .data.g_joled  0x20000014        0x8 CMakeFiles/remote_control.dir/user/OLED/joled.c.obj
 .data._impure_ptr
                0x2000001c        0x4 C:/Users/14125/AppData/Local/stm32cube/bundles/gnu-tools-for-stm32/14.3.1+st.2/bin/../lib/gcc/arm-none-eabi/14.3.1/../../../../arm-none-eabi/lib/thumb/v7-m/nofp\libc_nano.a(libc_a-impure.o)
                0x2000001c                _impure_ptr
 .data._impure_data
                0x20000020       0x4c C:/Users/14125/AppData/Local/stm32cube/bundles/gnu-tools-for-stm32/14.3.1+st.2/bin/../lib/gcc/arm-none-eabi/14.3.1/../../../../arm-none-eabi/lib/thumb/v7-m/nofp\libc_nano.a(libc_a-impure.o)
                0x20000020                _impure_data
                0x2000006c                        . = ALIGN (0x4)
                0x2000006c                        _edata = .

.igot.plt       0x2000006c        0x0 load address 0x080099d0
 .igot.plt      0x2000006c        0x0 C:/Users/14125/AppData/Local/stm32cube/bundles/gnu-tools-for-stm32/14.3.1+st.2/bin/../lib/gcc/arm-none-eabi/14.3.1/thumb/v7-m/nofp/crtbegin.o
                0x2000006c                        . = ALIGN (0x4)

.bss            0x20000070      0xb24 load address 0x080099d0
                0x20000070                        _sbss = .
                0x20000070                        __bss_start__ = _sbss
 *(.bss)
 .bss           0x20000070       0x1c C:/Users/14125/AppData/Local/stm32cube/bundles/gnu-tools-for-stm32/14.3.1+st.2/bin/../lib/gcc/arm-none-eabi/14.3.1/thumb/v7-m/nofp/crtbegin.o
 *(.bss*)
 .bss.uwTick    0x2000008c        0x4 cmake/stm32cubemx/CMakeFiles/STM32_Drivers.dir/__/__/Drivers/STM32F1xx_HAL_Driver/Src/stm32f1xx_hal.c.obj
                0x2000008c                uwTick
 .bss.rocker_adc
                0x20000090        0x4 CMakeFiles/remote_control.dir/user/task.cpp.obj
                0x20000090                rocker_adc
 .bss.shoulder_encode
                0x20000094        0x4 CMakeFiles/remote_control.dir/user/task.cpp.obj
                0x20000094                shoulder_encode
 .bss.elbow_encode
                0x20000098        0x4 CMakeFiles/remote_control.dir/user/task.cpp.obj
                0x20000098                elbow_encode
 .bss.adcBuffer
                0x2000009c        0x8 CMakeFiles/remote_control.dir/user/task.cpp.obj
                0x2000009c                adcBuffer
 .bss.armBuffer
                0x200000a4        0x8 CMakeFiles/remote_control.dir/user/task.cpp.obj
                0x200000a4                armBuffer
 .bss.sendPacket
                0x200000ac       0x13 CMakeFiles/remote_control.dir/user/task.cpp.obj
                0x200000ac                sendPacket
 *fill*         0x200000bf        0x1 
 .bss._ZL16g_loop_period_us
                0x200000c0        0x4 CMakeFiles/remote_control.dir/user/task.cpp.obj
 *fill*         0x200000c4        0x4 
 .bss._ZL24g_last_loop_timestamp_us
                0x200000c8        0x8 CMakeFiles/remote_control.dir/user/task.cpp.obj
 .bss._ZL19g_loop_period_valid
                0x200000d0        0x1 CMakeFiles/remote_control.dir/user/task.cpp.obj
 .bss._ZL24g_status_display_pending
                0x200000d1        0x1 CMakeFiles/remote_control.dir/user/task.cpp.obj
 .bss._ZL27g_status_display_tick_count
                0x200000d2        0x1 CMakeFiles/remote_control.dir/user/task.cpp.obj
 *fill*         0x200000d3        0x1 
 .bss.usart1_rx_buf
                0x200000d4        0x1 CMakeFiles/remote_control.dir/Core/Src/main.c.obj
                0x200000d4                usart1_rx_buf
 *fill*         0x200000d5        0x3 
 .bss.ring_buffer
                0x200000d8      0x100 CMakeFiles/remote_control.dir/Core/Src/main.c.obj
                0x200000d8                ring_buffer
 .bss.write_index
                0x200001d8        0x2 CMakeFiles/remote_control.dir/Core/Src/main.c.obj
                0x200001d8                write_index
 *fill*         0x200001da        0x2 
 .bss.hadc1     0x200001dc       0x30 CMakeFiles/remote_control.dir/Core/Src/adc.c.obj
                0x200001dc                hadc1
 .bss.hdma_adc1
                0x2000020c       0x44 CMakeFiles/remote_control.dir/Core/Src/adc.c.obj
                0x2000020c                hdma_adc1
 .bss.hi2c1     0x20000250       0x54 CMakeFiles/remote_control.dir/Core/Src/i2c.c.obj
                0x20000250                hi2c1
 .bss.hi2c2     0x200002a4       0x54 CMakeFiles/remote_control.dir/Core/Src/i2c.c.obj
                0x200002a4                hi2c2
 .bss.hdma_i2c1_rx
                0x200002f8       0x44 CMakeFiles/remote_control.dir/Core/Src/i2c.c.obj
                0x200002f8                hdma_i2c1_rx
 .bss.hdma_i2c1_tx
                0x2000033c       0x44 CMakeFiles/remote_control.dir/Core/Src/i2c.c.obj
                0x2000033c                hdma_i2c1_tx
 .bss.htim1     0x20000380       0x48 CMakeFiles/remote_control.dir/Core/Src/tim.c.obj
                0x20000380                htim1
 .bss.htim2     0x200003c8       0x48 CMakeFiles/remote_control.dir/Core/Src/tim.c.obj
                0x200003c8                htim2
 .bss.htim3     0x20000410       0x48 CMakeFiles/remote_control.dir/Core/Src/tim.c.obj
                0x20000410                htim3
 .bss.htim4     0x20000458       0x48 CMakeFiles/remote_control.dir/Core/Src/tim.c.obj
                0x20000458                htim4
 .bss.huart1    0x200004a0       0x48 CMakeFiles/remote_control.dir/Core/Src/usart.c.obj
                0x200004a0                huart1
 .bss.hdma_usart1_tx
                0x200004e8       0x44 CMakeFiles/remote_control.dir/Core/Src/usart.c.obj
                0x200004e8                hdma_usart1_tx
 .bss.hdma_usart1_rx
                0x2000052c       0x44 CMakeFiles/remote_control.dir/Core/Src/usart.c.obj
                0x2000052c                hdma_usart1_rx
 .bss.__sbrk_heap_end
                0x20000570        0x4 CMakeFiles/remote_control.dir/Core/Src/sysmem.c.obj
 .bss.bkeys     0x20000574       0x2a CMakeFiles/remote_control.dir/user/key.c.obj
                0x20000574                bkeys
 *fill*         0x2000059e        0x2 
 .bss.packet    0x200005a0        0x1 CMakeFiles/remote_control.dir/user/pack.cpp.obj
                0x200005a0                packet
 *fill*         0x200005a1        0x1 
 .bss._ZZ19process_ring_bufferE10read_index
                0x200005a2        0x2 CMakeFiles/remote_control.dir/user/pack.cpp.obj
 .bss.Transmit_Union
                0x200005a4        0xf CMakeFiles/remote_control.dir/user/pack.cpp.obj
                0x200005a4                Transmit_Union
 *fill*         0x200005b3        0x1 
 .bss.last_cyccnt
                0x200005b4        0x4 CMakeFiles/remote_control.dir/user/DWT/DWT.c.obj
 .bss.acc_cycles
                0x200005b8        0x8 CMakeFiles/remote_control.dir/user/DWT/DWT.c.obj
 .bss.OLED_GRAM
                0x200005c0      0x400 CMakeFiles/remote_control.dir/user/OLED/oled.c.obj
                0x200005c0                OLED_GRAM
 .bss.sendBuffer.3
                0x200009c0        0x2 CMakeFiles/remote_control.dir/user/OLED/oled.c.obj
 *fill*         0x200009c2        0x2 
 .bss.sendBuffer.2
                0x200009c4       0x81 CMakeFiles/remote_control.dir/user/OLED/oled.c.obj
 .bss.temp.1    0x20000a45        0x1 CMakeFiles/remote_control.dir/user/OLED/oled.c.obj
 *fill*         0x20000a46        0x2 
 .bss._ZN12_GLOBAL__N_113__new_handlerE
                0x20000a48        0x4 C:/Users/14125/AppData/Local/stm32cube/bundles/gnu-tools-for-stm32/14.3.1+st.2/bin/../lib/gcc/arm-none-eabi/14.3.1/../../../../arm-none-eabi/lib/thumb/v7-m/nofp\libstdc++_nano.a(new_handler.o)
 .bss.__malloc_sbrk_start
                0x20000a4c        0x4 C:/Users/14125/AppData/Local/stm32cube/bundles/gnu-tools-for-stm32/14.3.1+st.2/bin/../lib/gcc/arm-none-eabi/14.3.1/../../../../arm-none-eabi/lib/thumb/v7-m/nofp\libc_nano.a(libc_a-mallocr.o)
                0x20000a4c                __malloc_sbrk_start
 .bss.__malloc_free_list
                0x20000a50        0x4 C:/Users/14125/AppData/Local/stm32cube/bundles/gnu-tools-for-stm32/14.3.1+st.2/bin/../lib/gcc/arm-none-eabi/14.3.1/../../../../arm-none-eabi/lib/thumb/v7-m/nofp\libc_nano.a(libc_a-mallocr.o)
                0x20000a50                __malloc_free_list
 .bss.__sf      0x20000a54      0x138 C:/Users/14125/AppData/Local/stm32cube/bundles/gnu-tools-for-stm32/14.3.1+st.2/bin/../lib/gcc/arm-none-eabi/14.3.1/../../../../arm-none-eabi/lib/thumb/v7-m/nofp\libc_nano.a(libc_a-findfp.o)
                0x20000a54                __sf
 .bss.errno     0x20000b8c        0x4 C:/Users/14125/AppData/Local/stm32cube/bundles/gnu-tools-for-stm32/14.3.1+st.2/bin/../lib/gcc/arm-none-eabi/14.3.1/../../../../arm-none-eabi/lib/thumb/v7-m/nofp\libc_nano.a(libc_a-reent.o)
                0x20000b8c                errno
 .bss.__lock___malloc_recursive_mutex
                0x20000b90        0x1 C:/Users/14125/AppData/Local/stm32cube/bundles/gnu-tools-for-stm32/14.3.1+st.2/bin/../lib/gcc/arm-none-eabi/14.3.1/../../../../arm-none-eabi/lib/thumb/v7-m/nofp\libc_nano.a(libc_a-lock.o)
                0x20000b90                __lock___malloc_recursive_mutex
 *(COMMON)
                0x20000b94                        . = ALIGN (0x4)
 *fill*         0x20000b91        0x3 
                0x20000b94                        _ebss = .
                0x20000b94                        __bss_end__ = _ebss

._user_heap_stack
                0x20000b94      0x804 load address 0x080099d0
                0x20000b98                        . = ALIGN (0x8)
 *fill*         0x20000b94        0x4 
                [!provide]                        PROVIDE (end = .)
                0x20000b98                        PROVIDE (_end = .)
                0x20000f98                        . = (. + _Min_Heap_Size)
 *fill*         0x20000b98      0x400 
                0x20001398                        . = (. + _Min_Stack_Size)
 *fill*         0x20000f98      0x400 
                0x20001398                        . = ALIGN (0x8)

/DISCARD/
 libc.a(*)
 libm.a(*)
 libgcc.a(*)
OUTPUT(remote_control.elf elf32-littlearm)
LOAD linker stubs
LOAD C:/Users/14125/AppData/Local/stm32cube/bundles/gnu-tools-for-stm32/14.3.1+st.2/bin/../lib/gcc/arm-none-eabi/14.3.1/../../../../arm-none-eabi/lib/thumb/v7-m/nofp\libc.a
LOAD C:/Users/14125/AppData/Local/stm32cube/bundles/gnu-tools-for-stm32/14.3.1+st.2/bin/../lib/gcc/arm-none-eabi/14.3.1/../../../../arm-none-eabi/lib/thumb/v7-m/nofp\libm.a
LOAD C:/Users/14125/AppData/Local/stm32cube/bundles/gnu-tools-for-stm32/14.3.1+st.2/bin/../lib/gcc/arm-none-eabi/14.3.1/thumb/v7-m/nofp\libgcc.a

.ARM.attributes
                0x00000000       0x29
 .ARM.attributes
                0x00000000       0x1d C:/Users/14125/AppData/Local/stm32cube/bundles/gnu-tools-for-stm32/14.3.1+st.2/bin/../lib/gcc/arm-none-eabi/14.3.1/thumb/v7-m/nofp/crti.o
 .ARM.attributes
                0x0000001d       0x2d C:/Users/14125/AppData/Local/stm32cube/bundles/gnu-tools-for-stm32/14.3.1+st.2/bin/../lib/gcc/arm-none-eabi/14.3.1/thumb/v7-m/nofp/crtbegin.o
 .ARM.attributes
                0x0000004a       0x2d cmake/stm32cubemx/CMakeFiles/STM32_Drivers.dir/__/__/Core/Src/system_stm32f1xx.c.obj
 .ARM.attributes
                0x00000077       0x2d cmake/stm32cubemx/CMakeFiles/STM32_Drivers.dir/__/__/Drivers/STM32F1xx_HAL_Driver/Src/stm32f1xx_hal_adc.c.obj
 .ARM.attributes
                0x000000a4       0x2d cmake/stm32cubemx/CMakeFiles/STM32_Drivers.dir/__/__/Drivers/STM32F1xx_HAL_Driver/Src/stm32f1xx_hal.c.obj
 .ARM.attributes
                0x000000d1       0x2d cmake/stm32cubemx/CMakeFiles/STM32_Drivers.dir/__/__/Drivers/STM32F1xx_HAL_Driver/Src/stm32f1xx_hal_rcc.c.obj
 .ARM.attributes
                0x000000fe       0x2d cmake/stm32cubemx/CMakeFiles/STM32_Drivers.dir/__/__/Drivers/STM32F1xx_HAL_Driver/Src/stm32f1xx_hal_rcc_ex.c.obj
 .ARM.attributes
                0x0000012b       0x2d cmake/stm32cubemx/CMakeFiles/STM32_Drivers.dir/__/__/Drivers/STM32F1xx_HAL_Driver/Src/stm32f1xx_hal_gpio.c.obj
 .ARM.attributes
                0x00000158       0x2d cmake/stm32cubemx/CMakeFiles/STM32_Drivers.dir/__/__/Drivers/STM32F1xx_HAL_Driver/Src/stm32f1xx_hal_dma.c.obj
 .ARM.attributes
                0x00000185       0x2d cmake/stm32cubemx/CMakeFiles/STM32_Drivers.dir/__/__/Drivers/STM32F1xx_HAL_Driver/Src/stm32f1xx_hal_cortex.c.obj
 .ARM.attributes
                0x000001b2       0x2d cmake/stm32cubemx/CMakeFiles/STM32_Drivers.dir/__/__/Drivers/STM32F1xx_HAL_Driver/Src/stm32f1xx_hal_i2c.c.obj
 .ARM.attributes
                0x000001df       0x2d cmake/stm32cubemx/CMakeFiles/STM32_Drivers.dir/__/__/Drivers/STM32F1xx_HAL_Driver/Src/stm32f1xx_hal_tim.c.obj
 .ARM.attributes
                0x0000020c       0x2d cmake/stm32cubemx/CMakeFiles/STM32_Drivers.dir/__/__/Drivers/STM32F1xx_HAL_Driver/Src/stm32f1xx_hal_tim_ex.c.obj
 .ARM.attributes
                0x00000239       0x2d cmake/stm32cubemx/CMakeFiles/STM32_Drivers.dir/__/__/Drivers/STM32F1xx_HAL_Driver/Src/stm32f1xx_hal_uart.c.obj
 .ARM.attributes
                0x00000266       0x2d CMakeFiles/remote_control.dir/user/bsp_adc.cpp.obj
 .ARM.attributes
                0x00000293       0x2d CMakeFiles/remote_control.dir/user/task.cpp.obj
 .ARM.attributes
                0x000002c0       0x2d CMakeFiles/remote_control.dir/Core/Src/main.c.obj
 .ARM.attributes
                0x000002ed       0x2d CMakeFiles/remote_control.dir/Core/Src/gpio.c.obj
 .ARM.attributes
                0x0000031a       0x2d CMakeFiles/remote_control.dir/Core/Src/adc.c.obj
 .ARM.attributes
                0x00000347       0x2d CMakeFiles/remote_control.dir/Core/Src/dma.c.obj
 .ARM.attributes
                0x00000374       0x2d CMakeFiles/remote_control.dir/Core/Src/i2c.c.obj
 .ARM.attributes
                0x000003a1       0x2d CMakeFiles/remote_control.dir/Core/Src/tim.c.obj
 .ARM.attributes
                0x000003ce       0x2d CMakeFiles/remote_control.dir/Core/Src/usart.c.obj
 .ARM.attributes
                0x000003fb       0x2d CMakeFiles/remote_control.dir/Core/Src/stm32f1xx_it.c.obj
 .ARM.attributes
                0x00000428       0x2d CMakeFiles/remote_control.dir/Core/Src/stm32f1xx_hal_msp.c.obj
 .ARM.attributes
                0x00000455       0x2d CMakeFiles/remote_control.dir/Core/Src/sysmem.c.obj
 .ARM.attributes
                0x00000482       0x2d CMakeFiles/remote_control.dir/Core/Src/syscalls.c.obj
 .ARM.attributes
                0x000004af       0x21 CMakeFiles/remote_control.dir/startup_stm32f103xb.s.obj
 .ARM.attributes
                0x000004d0       0x2d CMakeFiles/remote_control.dir/user/key.c.obj
 .ARM.attributes
                0x000004fd       0x2d CMakeFiles/remote_control.dir/user/bsp_encode.cpp.obj
 .ARM.attributes
                0x0000052a       0x2d CMakeFiles/remote_control.dir/user/pack.cpp.obj
 .ARM.attributes
                0x00000557       0x2d CMakeFiles/remote_control.dir/user/DWT/DWT.c.obj
 .ARM.attributes
                0x00000584       0x2d CMakeFiles/remote_control.dir/user/OLED/oled.c.obj
 .ARM.attributes
                0x000005b1       0x2d CMakeFiles/remote_control.dir/user/OLED/font.c.obj
 .ARM.attributes
                0x000005de       0x2d CMakeFiles/remote_control.dir/user/OLED/joled.c.obj
 .ARM.attributes
                0x0000060b       0x2d C:/Users/14125/AppData/Local/stm32cube/bundles/gnu-tools-for-stm32/14.3.1+st.2/bin/../lib/gcc/arm-none-eabi/14.3.1/../../../../arm-none-eabi/lib/thumb/v7-m/nofp\libstdc++_nano.a(new_op.o)
 .ARM.attributes
                0x00000638       0x2d C:/Users/14125/AppData/Local/stm32cube/bundles/gnu-tools-for-stm32/14.3.1+st.2/bin/../lib/gcc/arm-none-eabi/14.3.1/../../../../arm-none-eabi/lib/thumb/v7-m/nofp\libstdc++_nano.a(new_handler.o)
 .ARM.attributes
                0x00000665       0x2d C:/Users/14125/AppData/Local/stm32cube/bundles/gnu-tools-for-stm32/14.3.1+st.2/bin/../lib/gcc/arm-none-eabi/14.3.1/../../../../arm-none-eabi/lib/thumb/v7-m/nofp\libc_nano.a(libc_a-abort.o)
 .ARM.attributes
                0x00000692       0x2d C:/Users/14125/AppData/Local/stm32cube/bundles/gnu-tools-for-stm32/14.3.1+st.2/bin/../lib/gcc/arm-none-eabi/14.3.1/../../../../arm-none-eabi/lib/thumb/v7-m/nofp\libc_nano.a(libc_a-malloc.o)
 .ARM.attributes
                0x000006bf       0x2d C:/Users/14125/AppData/Local/stm32cube/bundles/gnu-tools-for-stm32/14.3.1+st.2/bin/../lib/gcc/arm-none-eabi/14.3.1/../../../../arm-none-eabi/lib/thumb/v7-m/nofp\libc_nano.a(libc_a-mallocr.o)
 .ARM.attributes
                0x000006ec       0x2d C:/Users/14125/AppData/Local/stm32cube/bundles/gnu-tools-for-stm32/14.3.1+st.2/bin/../lib/gcc/arm-none-eabi/14.3.1/../../../../arm-none-eabi/lib/thumb/v7-m/nofp\libc_nano.a(libc_a-mlock.o)
 .ARM.attributes
                0x00000719       0x2d C:/Users/14125/AppData/Local/stm32cube/bundles/gnu-tools-for-stm32/14.3.1+st.2/bin/../lib/gcc/arm-none-eabi/14.3.1/../../../../arm-none-eabi/lib/thumb/v7-m/nofp\libc_nano.a(libc_a-findfp.o)
 .ARM.attributes
                0x00000746       0x2d C:/Users/14125/AppData/Local/stm32cube/bundles/gnu-tools-for-stm32/14.3.1+st.2/bin/../lib/gcc/arm-none-eabi/14.3.1/../../../../arm-none-eabi/lib/thumb/v7-m/nofp\libc_nano.a(libc_a-memset.o)
 .ARM.attributes
                0x00000773       0x2d C:/Users/14125/AppData/Local/stm32cube/bundles/gnu-tools-for-stm32/14.3.1+st.2/bin/../lib/gcc/arm-none-eabi/14.3.1/../../../../arm-none-eabi/lib/thumb/v7-m/nofp\libc_nano.a(libc_a-signal.o)
 .ARM.attributes
                0x000007a0       0x2d C:/Users/14125/AppData/Local/stm32cube/bundles/gnu-tools-for-stm32/14.3.1+st.2/bin/../lib/gcc/arm-none-eabi/14.3.1/../../../../arm-none-eabi/lib/thumb/v7-m/nofp\libc_nano.a(libc_a-reent.o)
 .ARM.attributes
                0x000007cd       0x2d C:/Users/14125/AppData/Local/stm32cube/bundles/gnu-tools-for-stm32/14.3.1+st.2/bin/../lib/gcc/arm-none-eabi/14.3.1/../../../../arm-none-eabi/lib/thumb/v7-m/nofp\libc_nano.a(libc_a-impure.o)
 .ARM.attributes
                0x000007fa       0x2d C:/Users/14125/AppData/Local/stm32cube/bundles/gnu-tools-for-stm32/14.3.1+st.2/bin/../lib/gcc/arm-none-eabi/14.3.1/../../../../arm-none-eabi/lib/thumb/v7-m/nofp\libc_nano.a(libc_a-signalr.o)
 .ARM.attributes
                0x00000827       0x2d C:/Users/14125/AppData/Local/stm32cube/bundles/gnu-tools-for-stm32/14.3.1+st.2/bin/../lib/gcc/arm-none-eabi/14.3.1/../../../../arm-none-eabi/lib/thumb/v7-m/nofp\libc_nano.a(libc_a-sbrkr.o)
 .ARM.attributes
                0x00000854       0x2d C:/Users/14125/AppData/Local/stm32cube/bundles/gnu-tools-for-stm32/14.3.1+st.2/bin/../lib/gcc/arm-none-eabi/14.3.1/../../../../arm-none-eabi/lib/thumb/v7-m/nofp\libc_nano.a(libc_a-errno.o)
 .ARM.attributes
                0x00000881       0x2d C:/Users/14125/AppData/Local/stm32cube/bundles/gnu-tools-for-stm32/14.3.1+st.2/bin/../lib/gcc/arm-none-eabi/14.3.1/../../../../arm-none-eabi/lib/thumb/v7-m/nofp\libc_nano.a(libc_a-init.o)
 .ARM.attributes
                0x000008ae       0x2d C:/Users/14125/AppData/Local/stm32cube/bundles/gnu-tools-for-stm32/14.3.1+st.2/bin/../lib/gcc/arm-none-eabi/14.3.1/../../../../arm-none-eabi/lib/thumb/v7-m/nofp\libc_nano.a(libc_a-lock.o)
 .ARM.attributes
                0x000008db       0x2d C:/Users/14125/AppData/Local/stm32cube/bundles/gnu-tools-for-stm32/14.3.1+st.2/bin/../lib/gcc/arm-none-eabi/14.3.1/../../../../arm-none-eabi/lib/thumb/v7-m/nofp\libc_nano.a(libc_a-memcpy-stub.o)
 .ARM.attributes
                0x00000908       0x1d C:/Users/14125/AppData/Local/stm32cube/bundles/gnu-tools-for-stm32/14.3.1+st.2/bin/../lib/gcc/arm-none-eabi/14.3.1/thumb/v7-m/nofp\libgcc.a(_arm_addsubdf3.o)
 .ARM.attributes
                0x00000925       0x1d C:/Users/14125/AppData/Local/stm32cube/bundles/gnu-tools-for-stm32/14.3.1+st.2/bin/../lib/gcc/arm-none-eabi/14.3.1/thumb/v7-m/nofp\libgcc.a(_arm_cmpdf2.o)
 .ARM.attributes
                0x00000942       0x1d C:/Users/14125/AppData/Local/stm32cube/bundles/gnu-tools-for-stm32/14.3.1+st.2/bin/../lib/gcc/arm-none-eabi/14.3.1/thumb/v7-m/nofp\libgcc.a(_arm_addsubsf3.o)
 .ARM.attributes
                0x0000095f       0x1d C:/Users/14125/AppData/Local/stm32cube/bundles/gnu-tools-for-stm32/14.3.1+st.2/bin/../lib/gcc/arm-none-eabi/14.3.1/thumb/v7-m/nofp\libgcc.a(_arm_muldivsf3.o)
 .ARM.attributes
                0x0000097c       0x1d C:/Users/14125/AppData/Local/stm32cube/bundles/gnu-tools-for-stm32/14.3.1+st.2/bin/../lib/gcc/arm-none-eabi/14.3.1/thumb/v7-m/nofp\libgcc.a(_arm_cmpsf2.o)
 .ARM.attributes
                0x00000999       0x1d C:/Users/14125/AppData/Local/stm32cube/bundles/gnu-tools-for-stm32/14.3.1+st.2/bin/../lib/gcc/arm-none-eabi/14.3.1/thumb/v7-m/nofp\libgcc.a(_arm_fixsfsi.o)
 .ARM.attributes
                0x000009b6       0x1d C:/Users/14125/AppData/Local/stm32cube/bundles/gnu-tools-for-stm32/14.3.1+st.2/bin/../lib/gcc/arm-none-eabi/14.3.1/thumb/v7-m/nofp\libgcc.a(_aeabi_uldivmod.o)
 .ARM.attributes
                0x000009d3       0x2d C:/Users/14125/AppData/Local/stm32cube/bundles/gnu-tools-for-stm32/14.3.1+st.2/bin/../lib/gcc/arm-none-eabi/14.3.1/thumb/v7-m/nofp\libgcc.a(_udivmoddi4.o)
 .ARM.attributes
                0x00000a00       0x1d C:/Users/14125/AppData/Local/stm32cube/bundles/gnu-tools-for-stm32/14.3.1+st.2/bin/../lib/gcc/arm-none-eabi/14.3.1/thumb/v7-m/nofp\libgcc.a(_dvmd_tls.o)
 .ARM.attributes
                0x00000a1d       0x1d C:/Users/14125/AppData/Local/stm32cube/bundles/gnu-tools-for-stm32/14.3.1+st.2/bin/../lib/gcc/arm-none-eabi/14.3.1/thumb/v7-m/nofp/crtn.o

.comment        0x00000000       0x43
 .comment       0x00000000       0x43 cmake/stm32cubemx/CMakeFiles/STM32_Drivers.dir/__/__/Core/Src/system_stm32f1xx.c.obj
                                 0x44 (size before relaxing)
 .comment       0x00000043       0x44 cmake/stm32cubemx/CMakeFiles/STM32_Drivers.dir/__/__/Drivers/STM32F1xx_HAL_Driver/Src/stm32f1xx_hal_adc.c.obj
 .comment       0x00000043       0x44 cmake/stm32cubemx/CMakeFiles/STM32_Drivers.dir/__/__/Drivers/STM32F1xx_HAL_Driver/Src/stm32f1xx_hal.c.obj
 .comment       0x00000043       0x44 cmake/stm32cubemx/CMakeFiles/STM32_Drivers.dir/__/__/Drivers/STM32F1xx_HAL_Driver/Src/stm32f1xx_hal_rcc.c.obj
 .comment       0x00000043       0x44 cmake/stm32cubemx/CMakeFiles/STM32_Drivers.dir/__/__/Drivers/STM32F1xx_HAL_Driver/Src/stm32f1xx_hal_rcc_ex.c.obj
 .comment       0x00000043       0x44 cmake/stm32cubemx/CMakeFiles/STM32_Drivers.dir/__/__/Drivers/STM32F1xx_HAL_Driver/Src/stm32f1xx_hal_gpio.c.obj
 .comment       0x00000043       0x44 cmake/stm32cubemx/CMakeFiles/STM32_Drivers.dir/__/__/Drivers/STM32F1xx_HAL_Driver/Src/stm32f1xx_hal_dma.c.obj
 .comment       0x00000043       0x44 cmake/stm32cubemx/CMakeFiles/STM32_Drivers.dir/__/__/Drivers/STM32F1xx_HAL_Driver/Src/stm32f1xx_hal_cortex.c.obj
 .comment       0x00000043       0x44 cmake/stm32cubemx/CMakeFiles/STM32_Drivers.dir/__/__/Drivers/STM32F1xx_HAL_Driver/Src/stm32f1xx_hal_i2c.c.obj
 .comment       0x00000043       0x44 cmake/stm32cubemx/CMakeFiles/STM32_Drivers.dir/__/__/Drivers/STM32F1xx_HAL_Driver/Src/stm32f1xx_hal_tim.c.obj
 .comment       0x00000043       0x44 cmake/stm32cubemx/CMakeFiles/STM32_Drivers.dir/__/__/Drivers/STM32F1xx_HAL_Driver/Src/stm32f1xx_hal_tim_ex.c.obj
 .comment       0x00000043       0x44 cmake/stm32cubemx/CMakeFiles/STM32_Drivers.dir/__/__/Drivers/STM32F1xx_HAL_Driver/Src/stm32f1xx_hal_uart.c.obj
 .comment       0x00000043       0x44 CMakeFiles/remote_control.dir/user/bsp_adc.cpp.obj
 .comment       0x00000043       0x44 CMakeFiles/remote_control.dir/user/task.cpp.obj
 .comment       0x00000043       0x44 CMakeFiles/remote_control.dir/Core/Src/main.c.obj
 .comment       0x00000043       0x44 CMakeFiles/remote_control.dir/Core/Src/gpio.c.obj
 .comment       0x00000043       0x44 CMakeFiles/remote_control.dir/Core/Src/adc.c.obj
 .comment       0x00000043       0x44 CMakeFiles/remote_control.dir/Core/Src/dma.c.obj
 .comment       0x00000043       0x44 CMakeFiles/remote_control.dir/Core/Src/i2c.c.obj
 .comment       0x00000043       0x44 CMakeFiles/remote_control.dir/Core/Src/tim.c.obj
 .comment       0x00000043       0x44 CMakeFiles/remote_control.dir/Core/Src/usart.c.obj
 .comment       0x00000043       0x44 CMakeFiles/remote_control.dir/Core/Src/stm32f1xx_it.c.obj
 .comment       0x00000043       0x44 CMakeFiles/remote_control.dir/Core/Src/stm32f1xx_hal_msp.c.obj
 .comment       0x00000043       0x44 CMakeFiles/remote_control.dir/Core/Src/sysmem.c.obj
 .comment       0x00000043       0x44 CMakeFiles/remote_control.dir/Core/Src/syscalls.c.obj
 .comment       0x00000043       0x44 CMakeFiles/remote_control.dir/user/key.c.obj
 .comment       0x00000043       0x44 CMakeFiles/remote_control.dir/user/bsp_encode.cpp.obj
 .comment       0x00000043       0x44 CMakeFiles/remote_control.dir/user/pack.cpp.obj
 .comment       0x00000043       0x44 CMakeFiles/remote_control.dir/user/DWT/DWT.c.obj
 .comment       0x00000043       0x44 CMakeFiles/remote_control.dir/user/OLED/oled.c.obj